Archive member included to satisfy reference by file (symbol)

F:\文档\串口助手\ProtoThread\ProtoThread-Templates-main\CH573_PT_Template\Drivers\StdPeriphDriver\libISP573.a(ISP573.o)
                              ./Drivers/StdPeriphDriver/CH57x_adc.o (FLASH_EEPROM_CMD)
F:\文档\串口助手\ProtoThread\ProtoThread-Templates-main\CH573_PT_Template\Drivers\BLE\LIB\libCH57xBLE.a(message.o)
                              ./Drivers/BLE/HAL/MCU.o (tmos_msg_deallocate)
F:\文档\串口助手\ProtoThread\ProtoThread-Templates-main\CH573_PT_Template\Drivers\BLE\LIB\libCH57xBLE.a(tmos.o)
                              ./Drivers/BLE/HAL/MCU.o (tmos_memset)
F:\文档\串口助手\ProtoThread\ProtoThread-Templates-main\CH573_PT_Template\Drivers\BLE\LIB\libCH57xBLE.a(tmos_hw.o)
                              F:\文档\串口助手\ProtoThread\ProtoThread-Templates-main\CH573_PT_Template\Drivers\BLE\LIB\libCH57xBLE.a(tmos.o) (RTC_Get32KClock)
F:\文档\串口助手\ProtoThread\ProtoThread-Templates-main\CH573_PT_Template\Drivers\BLE\LIB\libCH57xBLE.a(tmos_snv.o)
                              F:\文档\串口助手\ProtoThread\ProtoThread-Templates-main\CH573_PT_Template\Drivers\BLE\LIB\libCH57xBLE.a(tmos.o) (tmos_snv_init)
F:\文档\串口助手\ProtoThread\ProtoThread-Templates-main\CH573_PT_Template\Drivers\BLE\LIB\libCH57xBLE.a(ll.o)
                              F:\文档\串口助手\ProtoThread\ProtoThread-Templates-main\CH573_PT_Template\Drivers\BLE\LIB\libCH57xBLE.a(tmos.o) (DTM_Rx)
F:\文档\串口助手\ProtoThread\ProtoThread-Templates-main\CH573_PT_Template\Drivers\BLE\LIB\libCH57xBLE.a(ll_advertise.o)
                              F:\文档\串口助手\ProtoThread\ProtoThread-Templates-main\CH573_PT_Template\Drivers\BLE\LIB\libCH57xBLE.a(ll.o) (LL_AdvertiseDirectTimeout)
F:\文档\串口助手\ProtoThread\ProtoThread-Templates-main\CH573_PT_Template\Drivers\BLE\LIB\libCH57xBLE.a(ll_connect.o)
                              F:\文档\串口助手\ProtoThread\ProtoThread-Templates-main\CH573_PT_Template\Drivers\BLE\LIB\libCH57xBLE.a(tmos.o) (LL_GetNextConnectEventTime)
F:\文档\串口助手\ProtoThread\ProtoThread-Templates-main\CH573_PT_Template\Drivers\BLE\LIB\libCH57xBLE.a(ll_core.o)
                              F:\文档\串口助手\ProtoThread\ProtoThread-Templates-main\CH573_PT_Template\Drivers\BLE\LIB\libCH57xBLE.a(ll_advertise.o) (LL_CoreGetCore)
F:\文档\串口助手\ProtoThread\ProtoThread-Templates-main\CH573_PT_Template\Drivers\BLE\LIB\libCH57xBLE.a(ll_hop.o)
                              F:\文档\串口助手\ProtoThread\ProtoThread-Templates-main\CH573_PT_Template\Drivers\BLE\LIB\libCH57xBLE.a(ll_connect.o) (LL_HopGetChannel)
F:\文档\串口助手\ProtoThread\ProtoThread-Templates-main\CH573_PT_Template\Drivers\BLE\LIB\libCH57xBLE.a(ll_initiate.o)
                              F:\文档\串口助手\ProtoThread\ProtoThread-Templates-main\CH573_PT_Template\Drivers\BLE\LIB\libCH57xBLE.a(tmos.o) (ll_initiate_process)
F:\文档\串口助手\ProtoThread\ProtoThread-Templates-main\CH573_PT_Template\Drivers\BLE\LIB\libCH57xBLE.a(ll_master.o)
                              F:\文档\串口助手\ProtoThread\ProtoThread-Templates-main\CH573_PT_Template\Drivers\BLE\LIB\libCH57xBLE.a(ll_connect.o) (ll_master_process)
F:\文档\串口助手\ProtoThread\ProtoThread-Templates-main\CH573_PT_Template\Drivers\BLE\LIB\libCH57xBLE.a(ll_pdu.o)
                              F:\文档\串口助手\ProtoThread\ProtoThread-Templates-main\CH573_PT_Template\Drivers\BLE\LIB\libCH57xBLE.a(ll_master.o) (LL_ConnectionUpdateReq)
F:\文档\串口助手\ProtoThread\ProtoThread-Templates-main\CH573_PT_Template\Drivers\BLE\LIB\libCH57xBLE.a(ll_report.o)
                              F:\文档\串口助手\ProtoThread\ProtoThread-Templates-main\CH573_PT_Template\Drivers\BLE\LIB\libCH57xBLE.a(ll_advertise.o) (LL_ReportGenerateEvent)
F:\文档\串口助手\ProtoThread\ProtoThread-Templates-main\CH573_PT_Template\Drivers\BLE\LIB\libCH57xBLE.a(ll_resolvinglist.o)
                              F:\文档\串口助手\ProtoThread\ProtoThread-Templates-main\CH573_PT_Template\Drivers\BLE\LIB\libCH57xBLE.a(ll_advertise.o) (ll_resolvinglist_renew_rpa)
F:\文档\串口助手\ProtoThread\ProtoThread-Templates-main\CH573_PT_Template\Drivers\BLE\LIB\libCH57xBLE.a(ll_scan.o)
                              F:\文档\串口助手\ProtoThread\ProtoThread-Templates-main\CH573_PT_Template\Drivers\BLE\LIB\libCH57xBLE.a(tmos.o) (ll_scan_process)
F:\文档\串口助手\ProtoThread\ProtoThread-Templates-main\CH573_PT_Template\Drivers\BLE\LIB\libCH57xBLE.a(ll_slave.o)
                              F:\文档\串口助手\ProtoThread\ProtoThread-Templates-main\CH573_PT_Template\Drivers\BLE\LIB\libCH57xBLE.a(ll_connect.o) (ll_hw_timer_slave_recv_timeout)
F:\文档\串口助手\ProtoThread\ProtoThread-Templates-main\CH573_PT_Template\Drivers\BLE\LIB\libCH57xBLE.a(ll_whitelist.o)
                              F:\文档\串口助手\ProtoThread\ProtoThread-Templates-main\CH573_PT_Template\Drivers\BLE\LIB\libCH57xBLE.a(ll_advertise.o) (LL_WhitelistLookup)
F:\文档\串口助手\ProtoThread\ProtoThread-Templates-main\CH573_PT_Template\Drivers\BLE\LIB\libCH57xBLE.a(aes.o)
                              F:\文档\串口助手\ProtoThread\ProtoThread-Templates-main\CH573_PT_Template\Drivers\BLE\LIB\libCH57xBLE.a(ll_resolvinglist.o) (LL_Encrypt)
[...]
Memory Configuration

Name             Origin             Length             Attributes
FLASH            0x0000000000000000 0x0000000000070000 xr
RAM              0x0000000020003800 0x0000000000004800 xrw
*default*        0x0000000000000000 0xffffffffffffffff

Linker script and memory map

LOAD ./Src/APP/CH57x_uart_threads.o
LOAD ./Src/APP/main.o
LOAD ./OS/ProtoThread-Core/transplant_ports/pt_ports.o
LOAD ./OS/ProtoThread-Core/sys/ctimer.o
LOAD ./OS/ProtoThread-Core/sys/etimer.o
LOAD ./OS/ProtoThread-Core/sys/process.o
LOAD ./OS/ProtoThread-Core/sys/timer.o
LOAD ./OS/ProtoThread-Core/lib/list.o
LOAD ./OS/ProtoThread-Core/lib/memb.o
LOAD ./OS/ProtoThread-Core/lib/ringbuf.o
LOAD ./OS/ProtoThread-Core/protothread.o
LOAD ./Drivers/StdPeriphDriver/CH57x_adc.o
LOAD ./Drivers/StdPeriphDriver/CH57x_clk.o
LOAD ./Drivers/StdPeriphDriver/CH57x_flash.o
LOAD ./Drivers/StdPeriphDriver/CH57x_gpio.o
LOAD ./Drivers/StdPeriphDriver/CH57x_pwm.o
LOAD ./Drivers/StdPeriphDriver/CH57x_pwr.o
LOAD ./Drivers/StdPeriphDriver/CH57x_spi0.o
LOAD ./Drivers/StdPeriphDriver/CH57x_sys.o
LOAD ./Drivers/StdPeriphDriver/CH57x_timer0.o
LOAD ./Drivers/StdPeriphDriver/CH57x_timer1.o
LOAD ./Drivers/StdPeriphDriver/CH57x_timer2.o
LOAD ./Drivers/StdPeriphDriver/CH57x_timer3.o
LOAD ./Drivers/StdPeriphDriver/CH57x_uart0.o
LOAD ./Drivers/StdPeriphDriver/CH57x_uart1.o
LOAD ./Drivers/StdPeriphDriver/CH57x_uart2.o
LOAD ./Drivers/StdPeriphDriver/CH57x_uart3.o
LOAD ./Drivers/StdPeriphDriver/CH57x_usbdev.o
LOAD ./Drivers/StdPeriphDriver/CH57x_usbhostBase.o
LOAD ./Drivers/StdPeriphDriver/CH57x_usbhostClass.o
LOAD ./Drivers/BLE/HAL/KEY.o
LOAD ./Drivers/BLE/HAL/LED.o
LOAD ./Drivers/BLE/HAL/MCU.o
LOAD ./Drivers/BLE/HAL/RTC.o
LOAD ./Drivers/BLE/HAL/SLEEP.o
LOAD ./Core/Startup/startup_CH573.o
LOAD ./Core/RVMSIS/core_riscv.o
LOAD F:\文档\串口助手\ProtoThread\ProtoThread-Templates-main\CH573_PT_Template\Drivers\StdPeriphDriver\libISP573.a
LOAD F:\文档\串口助手\ProtoThread\ProtoThread-Templates-main\CH573_PT_Template\Drivers\BLE\LIB\libCH57xBLE.a
LOAD d:/mounriver/mounriver_studio/toolchain/risc-v embedded gcc/bin/../lib/gcc/riscv-none-embed/8.2.0/rv32imac/ilp32\libgcc.a
LOAD d:/mounriver/mounriver_studio/toolchain/risc-v embedded gcc/bin/../lib/gcc/riscv-none-embed/8.2.0/../../../../riscv-none-embed/lib/rv32imac/ilp32\libg_nano.a
LOAD d:/mounriver/mounriver_studio/toolchain/risc-v embedded gcc/bin/../lib/gcc/riscv-none-embed/8.2.0/../../../../riscv-none-embed/lib/rv32imac/ilp32\libc_nano.a
LOAD d:/mounriver/mounriver_studio/toolchain/risc-v embedded gcc/bin/../lib/gcc/riscv-none-embed/8.2.0/rv32imac/ilp32\libgcc.a
START GROUP
LOAD d:/mounriver/mounriver_studio/toolchain/risc-v embedded gcc/bin/../lib/gcc/riscv-none-embed/8.2.0/rv32imac/ilp32\libgcc.a
LOAD d:/mounriver/mounriver_studio/toolchain/risc-v embedded gcc/bin/../lib/gcc/riscv-none-embed/8.2.0/../../../../riscv-none-embed/lib/rv32imac/ilp32\libc_nano.a
LOAD d:/mounriver/mounriver_studio/toolchain/risc-v embedded gcc/bin/../lib/gcc/riscv-none-embed/8.2.0/../../../../riscv-none-embed/lib/rv32imac/ilp32\libnosys.a
END GROUP
START GROUP
LOAD d:/mounriver/mounriver_studio/toolchain/risc-v embedded gcc/bin/../lib/gcc/riscv-none-embed/8.2.0/rv32imac/ilp32\libgcc.a
LOAD d:/mounriver/mounriver_studio/toolchain/risc-v embedded gcc/bin/../lib/gcc/riscv-none-embed/8.2.0/../../../../riscv-none-embed/lib/rv32imac/ilp32\libc_nano.a
LOAD d:/mounriver/mounriver_studio/toolchain/risc-v embedded gcc/bin/../lib/gcc/riscv-none-embed/8.2.0/../../../../riscv-none-embed/lib/rv32imac/ilp32\libnosys.a
END GROUP

.init           0x0000000000000000        0x4
                0x0000000000000000                _sinit = .
                0x0000000000000000                . = ALIGN (0x4)
 *(SORT_NONE(.init))
 .init          0x0000000000000000        0x4 ./Core/Startup/startup_CH573.o
                0x0000000000000000                _start
                0x0000000000000004                . = ALIGN (0x4)
                0x0000000000000004                _einit = .

.highcodelalign
                0x0000000000000004        0x0
                0x0000000000000004                . = ALIGN (0x4)
                0x0000000000000004                PROVIDE (_highcode_lma = .)

.highcode       0x0000000020003800      0x87c load address 0x0000000000000004
                0x0000000020003800                . = ALIGN (0x4)
                0x0000000020003800                PROVIDE (_highcode_vma_start = .)
 *(.vector)
 .vector        0x0000000020003800       0x90 ./Core/Startup/startup_CH573.o
 *(SORT_NONE(.vector_handler))
 .vector_handler
                0x0000000020003890       0x2c ./Core/Startup/startup_CH573.o
                0x0000000020003890                NMI_Handler
                0x0000000020003896                SW_Handler
                0x0000000020003898                TMR0_IRQHandler
                0x000000002000389a                GPIOA_IRQHandler
                0x000000002000389c                GPIOB_IRQHandler
                0x000000002000389e                SPI0_IRQHandler
                0x00000000200038a0                BB_IRQHandler
                0x00000000200038a2                LLE_IRQHandler
                0x00000000200038a4                USB_IRQHandler
                0x00000000200038a6                TMR1_IRQHandler
                0x00000000200038a8                TMR2_IRQHandler
                0x00000000200038aa                UART0_IRQHandler
                0x00000000200038ac                UART1_IRQHandler
                0x00000000200038b0                ADC_IRQHandler
                0x00000000200038b2                PWMX_IRQHandler
                0x00000000200038b4                TMR3_IRQHandler
                0x00000000200038b6                UART2_IRQHandler
                0x00000000200038b8                UART3_IRQHandler
                0x00000000200038ba                WDOG_BAT_IRQHandler
 *(.highcode)
 .highcode      0x00000000200038bc       0x46 ./OS/ProtoThread-Core/transplant_ports/pt_ports.o
                0x00000000200038bc                protothread_clock_time
                0x00000000200038c4                SysTick_Handler
 .highcode      0x0000000020003902       0x2e ./OS/ProtoThread-Core/sys/etimer.o
                0x0000000020003902                etimer_request_poll
                0x000000002000390c                etimer_pending
                0x0000000020003918                etimer_next_expiration_time
 .highcode      0x0000000020003930      0x1f4 ./OS/ProtoThread-Core/sys/process.o
                0x0000000020003ae6                process_run
                0x0000000020003b08                process_poll
 .highcode      0x0000000020003b24      0x178 ./Drivers/StdPeriphDriver/CH57x_sys.o
                0x0000000020003b24                SetSysClock
                0x0000000020003c1c                SYS_ResetExecute
                0x0000000020003c54                HardFault_Handler
                0x0000000020003c66                mDelayuS
                0x0000000020003c74                mDelaymS
 .highcode      0x0000000020003c9c       0x16 ./Drivers/BLE/HAL/RTC.o
                0x0000000020003c9c                RTC_IRQHandler
 .highcode      0x0000000020003cb2      0x3c8 F:\文档\串口助手\ProtoThread\ProtoThread-Templates-main\CH573_PT_Template\Drivers\StdPeriphDriver\libISP573.a(ISP573.o)
                0x0000000020003d6c                FLASH_EEPROM_CMD
 *(.highcode.*)
                0x000000002000407c                . = ALIGN (0x4)
 *fill*         0x000000002000407a        0x2 
                0x000000002000407c                PROVIDE (_highcode_vma_end = .)

.text           0x0000000000000880     0x1258
                0x0000000000000880                . = ALIGN (0x4)
 *(SORT_NONE(.handle_reset))
 .handle_reset  0x0000000000000880       0x9e ./Core/Startup/startup_CH573.o
                0x0000000000000880                handle_reset
 *(.text)
 .text          0x000000000000091e       0xa8 d:/mounriver/mounriver_studio/toolchain/risc-v embedded gcc/bin/../lib/gcc/riscv-none-embed/8.2.0/../../../../riscv-none-embed/lib/rv32imac/ilp32\libg_nano.a(lib_a-memset.o)
                0x000000000000091e                memset
 *(.text.*)
 .text.UART1_Init
                0x00000000000009c6       0x2a ./Src/APP/CH57x_uart_threads.o
                0x00000000000009c6                UART1_Init
 .text.protothread_recv
                0x00000000000009f0       0xe6 ./Src/APP/CH57x_uart_threads.o
                0x00000000000009f0                protothread_recv
 .text.protothread_send
                0x0000000000000ad6       0x3c ./Src/APP/CH57x_uart_threads.o
                0x0000000000000ad6                protothread_send
 .text.startup.main
                0x0000000000000b12       0x3c ./Src/APP/main.o
                0x0000000000000b12                main
 .text.update_time
                0x0000000000000b4e       0x4a ./OS/ProtoThread-Core/sys/etimer.o
 .text.process_thread_etimer_process
                0x0000000000000b98       0xcc ./OS/ProtoThread-Core/sys/etimer.o
 .text.process_post
                0x0000000000000c64       0x36 ./OS/ProtoThread-Core/sys/process.o
                0x0000000000000c64                process_post
 .text.timer_expired
                0x0000000000000c9a       0x24 ./OS/ProtoThread-Core/sys/timer.o
                0x0000000000000c9a                timer_expired
 .text.GPIOA_ModeCfg
                0x0000000000000cbe       0xa6 ./Drivers/StdPeriphDriver/CH57x_gpio.o
                0x0000000000000cbe                GPIOA_ModeCfg
 .text.GetSysClock
                0x0000000000000d64       0x42 ./Drivers/StdPeriphDriver/CH57x_sys.o
                0x0000000000000d64                GetSysClock
 .text._write   0x0000000000000da6       0x28 ./Drivers/StdPeriphDriver/CH57x_sys.o
                0x0000000000000da6                _write
 .text.UART1_BaudRateCfg
                0x0000000000000dce       0x30 ./Drivers/StdPeriphDriver/CH57x_uart1.o
                0x0000000000000dce                UART1_BaudRateCfg
 .text.UART1_DefInit
                0x0000000000000dfe       0x32 ./Drivers/StdPeriphDriver/CH57x_uart1.o
                0x0000000000000dfe                UART1_DefInit
 .text.UART1_SendString
                0x0000000000000e30       0x28 ./Drivers/StdPeriphDriver/CH57x_uart1.o
                0x0000000000000e30                UART1_SendString
 .text.UART1_RecvString
                0x0000000000000e58       0x2a ./Drivers/StdPeriphDriver/CH57x_uart1.o
                0x0000000000000e58                UART1_RecvString
 .text.memmove  0x0000000000000e82       0x4a d:/mounriver/mounriver_studio/toolchain/risc-v embedded gcc/bin/../lib/gcc/riscv-none-embed/8.2.0/../../../../riscv-none-embed/lib/rv32imac/ilp32\libg_nano.a(lib_a-memmove.o)
                0x0000000000000e82                memmove
 .text._puts_r  0x0000000000000ecc       0xda d:/mounriver/mounriver_studio/toolchain/risc-v embedded gcc/bin/../lib/gcc/riscv-none-embed/8.2.0/../../../../riscv-none-embed/lib/rv32imac/ilp32\libg_nano.a(lib_a-puts.o)
                0x0000000000000ecc                _puts_r
 .text.puts     0x0000000000000fa6        0xe d:/mounriver/mounriver_studio/toolchain/risc-v embedded gcc/bin/../lib/gcc/riscv-none-embed/8.2.0/../../../../riscv-none-embed/lib/rv32imac/ilp32\libg_nano.a(lib_a-puts.o)
                0x0000000000000fa6                puts
 .text.strchr   0x0000000000000fb4       0x1a d:/mounriver/mounriver_studio/toolchain/risc-v embedded gcc/bin/../lib/gcc/riscv-none-embed/8.2.0/../../../../riscv-none-embed/lib/rv32imac/ilp32\libg_nano.a(lib_a-strchr.o)
                0x0000000000000fb4                strchr
 .text.__swbuf_r
                0x0000000000000fce       0xc0 d:/mounriver/mounriver_studio/toolchain/risc-v embedded gcc/bin/../lib/gcc/riscv-none-embed/8.2.0/../../../../riscv-none-embed/lib/rv32imac/ilp32\libg_nano.a(lib_a-wbuf.o)
                0x0000000000000fce                __swbuf_r
 .text.__swsetup_r
                0x000000000000108e      0x110 d:/mounriver/mounriver_studio/toolchain/risc-v embedded gcc/bin/../lib/gcc/riscv-none-embed/8.2.0/../../../../riscv-none-embed/lib/rv32imac/ilp32\libg_nano.a(lib_a-wsetup.o)
                0x000000000000108e                __swsetup_r
 .text.__sflush_r
                0x000000000000119e      0x13c d:/mounriver/mounriver_studio/toolchain/risc-v embedded gcc/bin/../lib/gcc/riscv-none-embed/8.2.0/../../../../riscv-none-embed/lib/rv32imac/ilp32\libg_nano.a(lib_a-fflush.o)
                0x000000000000119e                __sflush_r
 .text._fflush_r
                0x00000000000012da       0x64 d:/mounriver/mounriver_studio/toolchain/risc-v embedded gcc/bin/../lib/gcc/riscv-none-embed/8.2.0/../../../../riscv-none-embed/lib/rv32imac/ilp32\libg_nano.a(lib_a-fflush.o)
                0x00000000000012da                _fflush_r
 .text.std      0x000000000000133e       0x6a d:/mounriver/mounriver_studio/toolchain/risc-v embedded gcc/bin/../lib/gcc/riscv-none-embed/8.2.0/../../../../riscv-none-embed/lib/rv32imac/ilp32\libg_nano.a(lib_a-findfp.o)
 .text._cleanup_r
                0x00000000000013a8        0xa d:/mounriver/mounriver_studio/toolchain/risc-v embedded gcc/bin/../lib/gcc/riscv-none-embed/8.2.0/../../../../riscv-none-embed/lib/rv32imac/ilp32\libg_nano.a(lib_a-findfp.o)
                0x00000000000013a8                _cleanup_r
 .text.__sfmoreglue
                0x00000000000013b2       0x46 d:/mounriver/mounriver_studio/toolchain/risc-v embedded gcc/bin/../lib/gcc/riscv-none-embed/8.2.0/../../../../riscv-none-embed/lib/rv32imac/ilp32\libg_nano.a(lib_a-findfp.o)
                0x00000000000013b2                __sfmoreglue
 .text.__sinit  0x00000000000013f8       0x6a d:/mounriver/mounriver_studio/toolchain/risc-v embedded gcc/bin/../lib/gcc/riscv-none-embed/8.2.0/../../../../riscv-none-embed/lib/rv32imac/ilp32\libg_nano.a(lib_a-findfp.o)
                0x00000000000013f8                __sinit
 .text.__sfp    0x0000000000001462       0xa0 d:/mounriver/mounriver_studio/toolchain/risc-v embedded gcc/bin/../lib/gcc/riscv-none-embed/8.2.0/../../../../riscv-none-embed/lib/rv32imac/ilp32\libg_nano.a(lib_a-findfp.o)
                0x0000000000001462                __sfp
 .text._fwalk_reent
                0x0000000000001502       0x6c d:/mounriver/mounriver_studio/toolchain/risc-v embedded gcc/bin/../lib/gcc/riscv-none-embed/8.2.0/../../../../riscv-none-embed/lib/rv32imac/ilp32\libg_nano.a(lib_a-fwalk.o)
                0x0000000000001502                _fwalk_reent
 .text.__swhatbuf_r
                0x000000000000156e       0x58 d:/mounriver/mounriver_studio/toolchain/risc-v embedded gcc/bin/../lib/gcc/riscv-none-embed/8.2.0/../../../../riscv-none-embed/lib/rv32imac/ilp32\libg_nano.a(lib_a-makebuf.o)
                0x000000000000156e                __swhatbuf_r
 .text.__smakebuf_r
                0x00000000000015c6       0x9c d:/mounriver/mounriver_studio/toolchain/risc-v embedded gcc/bin/../lib/gcc/riscv-none-embed/8.2.0/../../../../riscv-none-embed/lib/rv32imac/ilp32\libg_nano.a(lib_a-makebuf.o)
                0x00000000000015c6                __smakebuf_r
 .text._free_r  0x0000000000001662       0xa4 d:/mounriver/mounriver_studio/toolchain/risc-v embedded gcc/bin/../lib/gcc/riscv-none-embed/8.2.0/../../../../riscv-none-embed/lib/rv32imac/ilp32\libg_nano.a(lib_a-nano-freer.o)
                0x0000000000001662                _free_r
 .text._malloc_r
                0x0000000000001706       0xce d:/mounriver/mounriver_studio/toolchain/risc-v embedded gcc/bin/../lib/gcc/riscv-none-embed/8.2.0/../../../../riscv-none-embed/lib/rv32imac/ilp32\libg_nano.a(lib_a-nano-mallocr.o)
                0x0000000000001706                _malloc_r
 .text._sbrk_r  0x00000000000017d4       0x28 d:/mounriver/mounriver_studio/toolchain/risc-v embedded gcc/bin/../lib/gcc/riscv-none-embed/8.2.0/../../../../riscv-none-embed/lib/rv32imac/ilp32\libg_nano.a(lib_a-sbrkr.o)
                0x00000000000017d4                _sbrk_r
 .text.__sread  0x00000000000017fc       0x30 d:/mounriver/mounriver_studio/toolchain/risc-v embedded gcc/bin/../lib/gcc/riscv-none-embed/8.2.0/../../../../riscv-none-embed/lib/rv32imac/ilp32\libg_nano.a(lib_a-stdio.o)
                0x00000000000017fc                __sread
 .text.__swrite
                0x000000000000182c       0x4e d:/mounriver/mounriver_studio/toolchain/risc-v embedded gcc/bin/../lib/gcc/riscv-none-embed/8.2.0/../../../../riscv-none-embed/lib/rv32imac/ilp32\libg_nano.a(lib_a-stdio.o)
                0x000000000000182c                __swrite
 .text.__sseek  0x000000000000187a       0x36 d:/mounriver/mounriver_studio/toolchain/risc-v embedded gcc/bin/../lib/gcc/riscv-none-embed/8.2.0/../../../../riscv-none-embed/lib/rv32imac/ilp32\libg_nano.a(lib_a-stdio.o)
                0x000000000000187a                __sseek
 .text.__sclose
                0x00000000000018b0        0x6 d:/mounriver/mounriver_studio/toolchain/risc-v embedded gcc/bin/../lib/gcc/riscv-none-embed/8.2.0/../../../../riscv-none-embed/lib/rv32imac/ilp32\libg_nano.a(lib_a-stdio.o)
                0x00000000000018b0                __sclose
 .text._write_r
                0x00000000000018b6       0x2e d:/mounriver/mounriver_studio/toolchain/risc-v embedded gcc/bin/../lib/gcc/riscv-none-embed/8.2.0/../../../../riscv-none-embed/lib/rv32imac/ilp32\libg_nano.a(lib_a-writer.o)
                0x00000000000018b6                _write_r
 .text._close_r
                0x00000000000018e4       0x28 d:/mounriver/mounriver_studio/toolchain/risc-v embedded gcc/bin/../lib/gcc/riscv-none-embed/8.2.0/../../../../riscv-none-embed/lib/rv32imac/ilp32\libg_nano.a(lib_a-closer.o)
                0x00000000000018e4                _close_r
 .text._fstat_r
                0x000000000000190c       0x2a d:/mounriver/mounriver_studio/toolchain/risc-v embedded gcc/bin/../lib/gcc/riscv-none-embed/8.2.0/../../../../riscv-none-embed/lib/rv32imac/ilp32\libg_nano.a(lib_a-fstatr.o)
                0x000000000000190c                _fstat_r
 .text._isatty_r
                0x0000000000001936       0x28 d:/mounriver/mounriver_studio/toolchain/risc-v embedded gcc/bin/../lib/gcc/riscv-none-embed/8.2.0/../../../../riscv-none-embed/lib/rv32imac/ilp32\libg_nano.a(lib_a-isattyr.o)
                0x0000000000001936                _isatty_r
 .text._lseek_r
                0x000000000000195e       0x2c d:/mounriver/mounriver_studio/toolchain/risc-v embedded gcc/bin/../lib/gcc/riscv-none-embed/8.2.0/../../../../riscv-none-embed/lib/rv32imac/ilp32\libg_nano.a(lib_a-lseekr.o)
                0x000000000000195e                _lseek_r
 .text.__malloc_lock
                0x000000000000198a        0x2 d:/mounriver/mounriver_studio/toolchain/risc-v embedded gcc/bin/../lib/gcc/riscv-none-embed/8.2.0/../../../../riscv-none-embed/lib/rv32imac/ilp32\libg_nano.a(lib_a-mlock.o)
                0x000000000000198a                __malloc_lock
 .text.__malloc_unlock
                0x000000000000198c        0x2 d:/mounriver/mounriver_studio/toolchain/risc-v embedded gcc/bin/../lib/gcc/riscv-none-embed/8.2.0/../../../../riscv-none-embed/lib/rv32imac/ilp32\libg_nano.a(lib_a-mlock.o)
                0x000000000000198c                __malloc_unlock
 .text._read_r  0x000000000000198e       0x2c d:/mounriver/mounriver_studio/toolchain/risc-v embedded gcc/bin/../lib/gcc/riscv-none-embed/8.2.0/../../../../riscv-none-embed/lib/rv32imac/ilp32\libg_nano.a(lib_a-readr.o)
                0x000000000000198e                _read_r
 .text._close   0x00000000000019ba        0xc d:/mounriver/mounriver_studio/toolchain/risc-v embedded gcc/bin/../lib/gcc/riscv-none-embed/8.2.0/../../../../riscv-none-embed/lib/rv32imac/ilp32\libnosys.a(close.o)
                0x00000000000019ba                _close
 .text._fstat   0x00000000000019c6        0xc d:/mounriver/mounriver_studio/toolchain/risc-v embedded gcc/bin/../lib/gcc/riscv-none-embed/8.2.0/../../../../riscv-none-embed/lib/rv32imac/ilp32\libnosys.a(fstat.o)
                0x00000000000019c6                _fstat
 .text._isatty  0x00000000000019d2        0xc d:/mounriver/mounriver_studio/toolchain/risc-v embedded gcc/bin/../lib/gcc/riscv-none-embed/8.2.0/../../../../riscv-none-embed/lib/rv32imac/ilp32\libnosys.a(isatty.o)
                0x00000000000019d2                _isatty
 .text._lseek   0x00000000000019de        0xc d:/mounriver/mounriver_studio/toolchain/risc-v embedded gcc/bin/../lib/gcc/riscv-none-embed/8.2.0/../../../../riscv-none-embed/lib/rv32imac/ilp32\libnosys.a(lseek.o)
                0x00000000000019de                _lseek
 .text._read    0x00000000000019ea        0xc d:/mounriver/mounriver_studio/toolchain/risc-v embedded gcc/bin/../lib/gcc/riscv-none-embed/8.2.0/../../../../riscv-none-embed/lib/rv32imac/ilp32\libnosys.a(read.o)
                0x00000000000019ea                _read
 .text._sbrk    0x00000000000019f6       0x20 d:/mounriver/mounriver_studio/toolchain/risc-v embedded gcc/bin/../lib/gcc/riscv-none-embed/8.2.0/../../../../riscv-none-embed/lib/rv32imac/ilp32\libnosys.a(sbrk.o)
                0x00000000000019f6                _sbrk
 *(.rodata)
 *(.rodata*)
 *fill*         0x0000000000001a16        0x2 
 .rodata.protothread_recv.str1.4
                0x0000000000001a18       0x22 ./Src/APP/CH57x_uart_threads.o
 *fill*         0x0000000000001a3a        0x2 
 .rodata.main.str1.4
                0x0000000000001a3c       0x10 ./Src/APP/main.o
 .rodata.GPIOA_ModeCfg
                0x0000000000001a4c       0x14 ./Drivers/StdPeriphDriver/CH57x_gpio.o
 .rodata.str1.4
                0x0000000000001a60       0x14 ./Drivers/StdPeriphDriver/CH57x_sys.o
                                         0x12 (size before relaxing)
 .rodata.__sf_fake_stderr
                0x0000000000001a74       0x20 d:/mounriver/mounriver_studio/toolchain/risc-v embedded gcc/bin/../lib/gcc/riscv-none-embed/8.2.0/../../../../riscv-none-embed/lib/rv32imac/ilp32\libg_nano.a(lib_a-findfp.o)
                0x0000000000001a74                __sf_fake_stderr
 .rodata.__sf_fake_stdin
                0x0000000000001a94       0x20 d:/mounriver/mounriver_studio/toolchain/risc-v embedded gcc/bin/../lib/gcc/riscv-none-embed/8.2.0/../../../../riscv-none-embed/lib/rv32imac/ilp32\libg_nano.a(lib_a-findfp.o)
                0x0000000000001a94                __sf_fake_stdin
 .rodata.__sf_fake_stdout
                0x0000000000001ab4       0x20 d:/mounriver/mounriver_studio/toolchain/risc-v embedded gcc/bin/../lib/gcc/riscv-none-embed/8.2.0/../../../../riscv-none-embed/lib/rv32imac/ilp32\libg_nano.a(lib_a-findfp.o)
                0x0000000000001ab4                __sf_fake_stdout
 *(.sdata2.*)
 .sdata2._global_impure_ptr
                0x0000000000001ad4        0x4 d:/mounriver/mounriver_studio/toolchain/risc-v embedded gcc/bin/../lib/gcc/riscv-none-embed/8.2.0/../../../../riscv-none-embed/lib/rv32imac/ilp32\libg_nano.a(lib_a-impure.o)
                0x0000000000001ad4                _global_impure_ptr
 *(.glue_7)
 *(.glue_7t)
 *(.gnu.linkonce.t.*)
                0x0000000000001ad8                . = ALIGN (0x4)

.rela.dyn       0x0000000000001ad8        0x0
 .rela.init     0x0000000000001ad8        0x0 ./Src/APP/CH57x_uart_threads.o
 .rela.vector   0x0000000000001ad8        0x0 ./Src/APP/CH57x_uart_threads.o
 .rela.handle_reset
                0x0000000000001ad8        0x0 ./Src/APP/CH57x_uart_threads.o
 .rela.text._sbrk_r
                0x0000000000001ad8        0x0 ./Src/APP/CH57x_uart_threads.o
 .rela.text._write_r
                0x0000000000001ad8        0x0 ./Src/APP/CH57x_uart_threads.o
 .rela.text._close_r
                0x0000000000001ad8        0x0 ./Src/APP/CH57x_uart_threads.o
 .rela.text._fstat_r
                0x0000000000001ad8        0x0 ./Src/APP/CH57x_uart_threads.o
 .rela.text._isatty_r
                0x0000000000001ad8        0x0 ./Src/APP/CH57x_uart_threads.o
 .rela.text._lseek_r
                0x0000000000001ad8        0x0 ./Src/APP/CH57x_uart_threads.o
 .rela.text._read_r
                0x0000000000001ad8        0x0 ./Src/APP/CH57x_uart_threads.o
 .rela.text._close
                0x0000000000001ad8        0x0 ./Src/APP/CH57x_uart_threads.o
 .rela.text._fstat
                0x0000000000001ad8        0x0 ./Src/APP/CH57x_uart_threads.o
 .rela.text._isatty
                0x0000000000001ad8        0x0 ./Src/APP/CH57x_uart_threads.o
 .rela.text._lseek
                0x0000000000001ad8        0x0 ./Src/APP/CH57x_uart_threads.o
 .rela.text._read
                0x0000000000001ad8        0x0 ./Src/APP/CH57x_uart_threads.o
 .rela.text._sbrk
                0x0000000000001ad8        0x0 ./Src/APP/CH57x_uart_threads.o

.fini           0x0000000000001ad8        0x0
 *(SORT_NONE(.fini))
                0x0000000000001ad8                . = ALIGN (0x4)
                [!provide]                        PROVIDE (_etext = .)
                [!provide]                        PROVIDE (_eitcm = .)

.preinit_array  0x0000000000001ad8        0x0
                [!provide]                        PROVIDE (__preinit_array_start = .)
 *(.preinit_array)
                [!provide]                        PROVIDE (__preinit_array_end = .)

.init_array     0x0000000000001ad8        0x0
                [!provide]                        PROVIDE (__init_array_start = .)
 *(SORT_BY_INIT_PRIORITY(.init_array.*) SORT_BY_INIT_PRIORITY(.ctors.*))
 *(.init_array EXCLUDE_FILE(*crtend?.o *crtend.o *crtbegin?.o *crtbegin.o) .ctors)
                [!provide]                        PROVIDE (__init_array_end = .)

.fini_array     0x0000000000001ad8        0x0
                [!provide]                        PROVIDE (__fini_array_start = .)
 *(SORT_BY_INIT_PRIORITY(.fini_array.*) SORT_BY_INIT_PRIORITY(.dtors.*))
 *(.fini_array EXCLUDE_FILE(*crtend?.o *crtend.o *crtbegin?.o *crtbegin.o) .dtors)
                [!provide]                        PROVIDE (__fini_array_end = .)

.ctors
 *crtbegin.o(.ctors)
 *crtbegin?.o(.ctors)
 *(EXCLUDE_FILE(*crtend?.o *crtend.o) .ctors)
 *(SORT_BY_NAME(.ctors.*))
 *(.ctors)

.dtors
 *crtbegin.o(.dtors)
 *crtbegin?.o(.dtors)
 *(EXCLUDE_FILE(*crtend?.o *crtend.o) .dtors)
 *(SORT_BY_NAME(.dtors.*))
 *(.dtors)

.dalign         0x000000002000407c        0x0 load address 0x0000000000001ad8
                0x000000002000407c                . = (ORIGIN (RAM) + MAX (0x800, SIZEOF (.highcode)))

.dlalign        0x0000000000001ad8        0x0
                0x0000000000001ad8                . = ALIGN (0x4)
                0x0000000000001ad8                PROVIDE (_data_lma = .)

.data           0x000000002000407c       0x74 load address 0x0000000000001ad8
                0x000000002000407c                . = ALIGN (0x4)
                0x000000002000407c                PROVIDE (_data_vma = .)
 *(.gnu.linkonce.r.*)
 *(.data .data.*)
 .data.etimer_process
                0x000000002000407c        0xc ./OS/ProtoThread-Core/sys/etimer.o
                0x000000002000407c                etimer_process
 .data.impure_data
                0x0000000020004088       0x60 d:/mounriver/mounriver_studio/toolchain/risc-v embedded gcc/bin/../lib/gcc/riscv-none-embed/8.2.0/../../../../riscv-none-embed/lib/rv32imac/ilp32\libg_nano.a(lib_a-impure.o)
 *(.gnu.linkonce.d.*)
                0x00000000200040e8                . = ALIGN (0x8)
 *fill*         0x00000000200040e8        0x0 
                0x00000000200048e8                PROVIDE (__global_pointer$ = (. + 0x800))
 *(.sdata .sdata.*)
 .sdata._impure_ptr
                0x00000000200040e8        0x4 d:/mounriver/mounriver_studio/toolchain/risc-v embedded gcc/bin/../lib/gcc/riscv-none-embed/8.2.0/../../../../riscv-none-embed/lib/rv32imac/ilp32\libg_nano.a(lib_a-impure.o)
                0x00000000200040e8                _impure_ptr
 *(.gnu.linkonce.s.*)
                0x00000000200040f0                . = ALIGN (0x8)
 *fill*         0x00000000200040ec        0x4 
 *(.srodata.cst16)
 *(.srodata.cst8)
 *(.srodata.cst4)
 *(.srodata.cst2)
 *(.srodata .srodata.*)
                0x00000000200040f0                . = ALIGN (0x4)
                0x00000000200040f0                PROVIDE (_edata = .)

.bss            0x00000000200040f0      0x21c load address 0x0000000000001b4c
                0x00000000200040f0                . = ALIGN (0x4)
                0x00000000200040f0                PROVIDE (_sbss = .)
 *(.sbss*)
 .sbss.i.3825   0x00000000200040f0        0x1 ./Src/APP/CH57x_uart_threads.o
 .sbss.index.3814
                0x00000000200040f1        0x1 ./Src/APP/CH57x_uart_threads.o
 *fill*         0x00000000200040f2        0x2 
 .sbss.pt_recv  0x00000000200040f4        0x2 ./Src/APP/CH57x_uart_threads.o
                0x00000000200040f4                pt_recv
 *fill*         0x00000000200040f6        0x2 
 .sbss.pt_send  0x00000000200040f8        0x2 ./Src/APP/CH57x_uart_threads.o
                0x00000000200040f8                pt_send
 *fill*         0x00000000200040fa        0x2 
 .sbss.ptTicks  0x00000000200040fc        0x4 ./OS/ProtoThread-Core/transplant_ports/pt_ports.o
                0x00000000200040fc                ptTicks
 .sbss.next_expiration
                0x0000000020004100        0x4 ./OS/ProtoThread-Core/sys/etimer.o
 .sbss.timerlist
                0x0000000020004104        0x4 ./OS/ProtoThread-Core/sys/etimer.o
 .sbss.fevent   0x0000000020004108        0x1 ./OS/ProtoThread-Core/sys/process.o
 .sbss.nevents  0x0000000020004109        0x1 ./OS/ProtoThread-Core/sys/process.o
 .sbss.poll_requested
                0x000000002000410a        0x1 ./OS/ProtoThread-Core/sys/process.o
 *fill*         0x000000002000410b        0x1 
 .sbss.process_current
                0x000000002000410c        0x4 ./OS/ProtoThread-Core/sys/process.o
                0x000000002000410c                process_current
 .sbss.process_list
                0x0000000020004110        0x4 ./OS/ProtoThread-Core/sys/process.o
                0x0000000020004110                process_list
 .sbss.RTCTigFlag
                0x0000000020004114        0x4 ./Drivers/BLE/HAL/RTC.o
                0x0000000020004114                RTCTigFlag
 .sbss.__malloc_free_list
                0x0000000020004118        0x4 d:/mounriver/mounriver_studio/toolchain/risc-v embedded gcc/bin/../lib/gcc/riscv-none-embed/8.2.0/../../../../riscv-none-embed/lib/rv32imac/ilp32\libg_nano.a(lib_a-nano-mallocr.o)
                0x0000000020004118                __malloc_free_list
 .sbss.__malloc_sbrk_start
                0x000000002000411c        0x4 d:/mounriver/mounriver_studio/toolchain/risc-v embedded gcc/bin/../lib/gcc/riscv-none-embed/8.2.0/../../../../riscv-none-embed/lib/rv32imac/ilp32\libg_nano.a(lib_a-nano-mallocr.o)
                0x000000002000411c                __malloc_sbrk_start
 .sbss.heap_end.1518
                0x0000000020004120        0x4 d:/mounriver/mounriver_studio/toolchain/risc-v embedded gcc/bin/../lib/gcc/riscv-none-embed/8.2.0/../../../../riscv-none-embed/lib/rv32imac/ilp32\libnosys.a(sbrk.o)
 *(.gnu.linkonce.sb.*)
 *(.bss*)
 .bss.RxBuff    0x0000000020004124       0x64 ./Src/APP/CH57x_uart_threads.o
                0x0000000020004124                RxBuff
 .bss.events    0x0000000020004188      0x180 ./OS/ProtoThread-Core/sys/process.o
 *(.gnu.linkonce.b.*)
 *(COMMON*)
 COMMON         0x0000000020004308        0x4 d:/mounriver/mounriver_studio/toolchain/risc-v embedded gcc/bin/../lib/gcc/riscv-none-embed/8.2.0/../../../../riscv-none-embed/lib/rv32imac/ilp32\libg_nano.a(lib_a-reent.o)
                0x0000000020004308                errno
                0x000000002000430c                . = ALIGN (0x4)
                0x000000002000430c                PROVIDE (_ebss = .)
                [!provide]                        PROVIDE (_end = _ebss)
                0x000000002000430c                PROVIDE (end = .)

.stack          0x0000000020008000        0x0
                0x0000000020008000                . = ALIGN (0x4)
                0x0000000020008000                PROVIDE (_eusrstack = .)
OUTPUT(CH573_PT_Template.elf elf32-littleriscv)

.debug_info     0x0000000000000000     0x933a
 .debug_info    0x0000000000000000      0xf0f ./Src/APP/CH57x_uart_threads.o
 .debug_info    0x0000000000000f0f      0xd27 ./Src/APP/main.o
 .debug_info    0x0000000000001c36     0x1025 ./OS/ProtoThread-Core/transplant_ports/pt_ports.o
 .debug_info    0x0000000000002c5b     0x1120 ./OS/ProtoThread-Core/sys/etimer.o
 .debug_info    0x0000000000003d7b     0x1085 ./OS/ProtoThread-Core/sys/process.o
 .debug_info    0x0000000000004e00      0xd01 ./OS/ProtoThread-Core/sys/timer.o
 .debug_info    0x0000000000005b01      0xcdb ./Drivers/StdPeriphDriver/CH57x_gpio.o
 .debug_info    0x00000000000067dc     0x10f0 ./Drivers/StdPeriphDriver/CH57x_sys.o
 .debug_info    0x00000000000078cc      0xcb3 ./Drivers/StdPeriphDriver/CH57x_uart1.o
 .debug_info    0x000000000000857f      0xd99 ./Drivers/BLE/HAL/RTC.o
 .debug_info    0x0000000000009318       0x22 ./Core/Startup/startup_CH573.o

.debug_abbrev   0x0000000000000000     0x1db7
 .debug_abbrev  0x0000000000000000      0x317 ./Src/APP/CH57x_uart_threads.o
 .debug_abbrev  0x0000000000000317      0x256 ./Src/APP/main.o
 .debug_abbrev  0x000000000000056d      0x30e ./OS/ProtoThread-Core/transplant_ports/pt_ports.o
 .debug_abbrev  0x000000000000087b      0x3bc ./OS/ProtoThread-Core/sys/etimer.o
 .debug_abbrev  0x0000000000000c37      0x40d ./OS/ProtoThread-Core/sys/process.o
 .debug_abbrev  0x0000000000001044      0x27e ./OS/ProtoThread-Core/sys/timer.o
 .debug_abbrev  0x00000000000012c2      0x268 ./Drivers/StdPeriphDriver/CH57x_gpio.o
 .debug_abbrev  0x000000000000152a      0x357 ./Drivers/StdPeriphDriver/CH57x_sys.o
 .debug_abbrev  0x0000000000001881      0x2aa ./Drivers/StdPeriphDriver/CH57x_uart1.o
 .debug_abbrev  0x0000000000001b2b      0x27a ./Drivers/BLE/HAL/RTC.o
 .debug_abbrev  0x0000000000001da5       0x12 ./Core/Startup/startup_CH573.o

.debug_loc      0x0000000000000000     0x1249
 .debug_loc     0x0000000000000000       0xf0 ./Src/APP/CH57x_uart_threads.o
 .debug_loc     0x00000000000000f0       0x37 ./OS/ProtoThread-Core/transplant_ports/pt_ports.o
 .debug_loc     0x0000000000000127      0x434 ./OS/ProtoThread-Core/sys/etimer.o
 .debug_loc     0x000000000000055b      0x439 ./OS/ProtoThread-Core/sys/process.o
 .debug_loc     0x0000000000000994      0x118 ./OS/ProtoThread-Core/sys/timer.o
 .debug_loc     0x0000000000000aac      0x361 ./Drivers/StdPeriphDriver/CH57x_gpio.o
 .debug_loc     0x0000000000000e0d      0x24f ./Drivers/StdPeriphDriver/CH57x_sys.o
 .debug_loc     0x000000000000105c      0x1ed ./Drivers/StdPeriphDriver/CH57x_uart1.o

.debug_aranges  0x0000000000000000      0x360
 .debug_aranges
                0x0000000000000000       0x30 ./Src/APP/CH57x_uart_threads.o
 .debug_aranges
                0x0000000000000030       0x20 ./Src/APP/main.o
 .debug_aranges
                0x0000000000000050       0x30 ./OS/ProtoThread-Core/transplant_ports/pt_ports.o
 .debug_aranges
                0x0000000000000080       0x90 ./OS/ProtoThread-Core/sys/etimer.o
 .debug_aranges
                0x0000000000000110       0x88 ./OS/ProtoThread-Core/sys/process.o
 .debug_aranges
                0x0000000000000198       0x40 ./OS/ProtoThread-Core/sys/timer.o
 .debug_aranges
                0x00000000000001d8       0x48 ./Drivers/StdPeriphDriver/CH57x_gpio.o
 .debug_aranges
                0x0000000000000220       0x88 ./Drivers/StdPeriphDriver/CH57x_sys.o
 .debug_aranges
                0x00000000000002a8       0x50 ./Drivers/StdPeriphDriver/CH57x_uart1.o
 .debug_aranges
                0x00000000000002f8       0x30 ./Drivers/BLE/HAL/RTC.o
 .debug_aranges
                0x0000000000000328       0x38 ./Core/Startup/startup_CH573.o

.debug_ranges   0x0000000000000000      0x3c0
 .debug_ranges  0x0000000000000000       0x80 ./Src/APP/CH57x_uart_threads.o
 .debug_ranges  0x0000000000000080       0x10 ./Src/APP/main.o
 .debug_ranges  0x0000000000000090       0x58 ./OS/ProtoThread-Core/transplant_ports/pt_ports.o
 .debug_ranges  0x00000000000000e8       0xf0 ./OS/ProtoThread-Core/sys/etimer.o
 .debug_ranges  0x00000000000001d8       0x78 ./OS/ProtoThread-Core/sys/process.o
 .debug_ranges  0x0000000000000250       0x30 ./OS/ProtoThread-Core/sys/timer.o
 .debug_ranges  0x0000000000000280       0x38 ./Drivers/StdPeriphDriver/CH57x_gpio.o
 .debug_ranges  0x00000000000002b8       0x78 ./Drivers/StdPeriphDriver/CH57x_sys.o
 .debug_ranges  0x0000000000000330       0x40 ./Drivers/StdPeriphDriver/CH57x_uart1.o
 .debug_ranges  0x0000000000000370       0x20 ./Drivers/BLE/HAL/RTC.o
 .debug_ranges  0x0000000000000390       0x30 ./Core/Startup/startup_CH573.o

.debug_line     0x0000000000000000     0x49ce
 .debug_line    0x0000000000000000      0x746 ./Src/APP/CH57x_uart_threads.o
 .debug_line    0x0000000000000746      0x40c ./Src/APP/main.o
 .debug_line    0x0000000000000b52      0x5f2 ./OS/ProtoThread-Core/transplant_ports/pt_ports.o
 .debug_line    0x0000000000001144      0xa5d ./OS/ProtoThread-Core/sys/etimer.o
 .debug_line    0x0000000000001ba1      0xb4c ./OS/ProtoThread-Core/sys/process.o
 .debug_line    0x00000000000026ed      0x497 ./OS/ProtoThread-Core/sys/timer.o
 .debug_line    0x0000000000002b84      0x748 ./Drivers/StdPeriphDriver/CH57x_gpio.o
 .debug_line    0x00000000000032cc      0xb4b ./Drivers/StdPeriphDriver/CH57x_sys.o
 .debug_line    0x0000000000003e17      0x57d ./Drivers/StdPeriphDriver/CH57x_uart1.o
 .debug_line    0x0000000000004394      0x3f6 ./Drivers/BLE/HAL/RTC.o
 .debug_line    0x000000000000478a      0x244 ./Core/Startup/startup_CH573.o

.debug_str      0x0000000000000000     0x14ed
 .debug_str     0x0000000000000000      0x864 ./Src/APP/CH57x_uart_threads.o
                                        0x8f9 (size before relaxing)
 .debug_str     0x0000000000000864      0x17b ./Src/APP/main.o
                                        0x972 (size before relaxing)
 .debug_str     0x00000000000009df      0x2c2 ./OS/ProtoThread-Core/transplant_ports/pt_ports.o
                                        0xa65 (size before relaxing)
 .debug_str     0x0000000000000ca1      0x14b ./OS/ProtoThread-Core/sys/etimer.o
                                        0x991 (size before relaxing)
 .debug_str     0x0000000000000dec      0x13b ./OS/ProtoThread-Core/sys/process.o
                                        0x8f2 (size before relaxing)
 .debug_str     0x0000000000000f27       0x33 ./OS/ProtoThread-Core/sys/timer.o
                                        0x82c (size before relaxing)
 .debug_str     0x0000000000000f5a      0x117 ./Drivers/StdPeriphDriver/CH57x_gpio.o
                                        0x8a6 (size before relaxing)
 .debug_str     0x0000000000001071      0x17c ./Drivers/StdPeriphDriver/CH57x_sys.o
                                        0xb00 (size before relaxing)
 .debug_str     0x00000000000011ed       0xc3 ./Drivers/StdPeriphDriver/CH57x_uart1.o
                                        0x84b (size before relaxing)
 .debug_str     0x00000000000012b0      0x211 ./Drivers/BLE/HAL/RTC.o
                                        0x93c (size before relaxing)
 .debug_str     0x00000000000014c1       0x2c ./Core/Startup/startup_CH573.o
                                         0x7a (size before relaxing)

.comment        0x0000000000000000       0x33
 .comment       0x0000000000000000       0x33 ./Src/APP/CH57x_uart_threads.o
                                         0x34 (size before relaxing)
 .comment       0x0000000000000033       0x34 ./Src/APP/main.o
 .comment       0x0000000000000033       0x34 ./OS/ProtoThread-Core/transplant_ports/pt_ports.o
 .comment       0x0000000000000033       0x34 ./OS/ProtoThread-Core/sys/etimer.o
 .comment       0x0000000000000033       0x34 ./OS/ProtoThread-Core/sys/process.o
 .comment       0x0000000000000033       0x34 ./OS/ProtoThread-Core/sys/timer.o
 .comment       0x0000000000000033       0x34 ./Drivers/StdPeriphDriver/CH57x_gpio.o
 .comment       0x0000000000000033       0x34 ./Drivers/StdPeriphDriver/CH57x_sys.o
 .comment       0x0000000000000033       0x34 ./Drivers/StdPeriphDriver/CH57x_uart1.o
 .comment       0x0000000000000033       0x34 ./Drivers/BLE/HAL/RTC.o
 .comment       0x0000000000000033       0x34 F:\文档\串口助手\ProtoThread\ProtoThread-Templates-main\CH573_PT_Template\Drivers\StdPeriphDriver\libISP573.a(ISP573.o)

.debug_frame    0x0000000000000000      0xef4
 .debug_frame   0x0000000000000000       0x70 ./Src/APP/CH57x_uart_threads.o
 .debug_frame   0x0000000000000070       0x2c ./Src/APP/main.o
 .debug_frame   0x000000000000009c       0x58 ./OS/ProtoThread-Core/transplant_ports/pt_ports.o
 .debug_frame   0x00000000000000f4      0x1a4 ./OS/ProtoThread-Core/sys/etimer.o
 .debug_frame   0x0000000000000298      0x19c ./OS/ProtoThread-Core/sys/process.o
 .debug_frame   0x0000000000000434       0xb0 ./OS/ProtoThread-Core/sys/timer.o
 .debug_frame   0x00000000000004e4       0x70 ./Drivers/StdPeriphDriver/CH57x_gpio.o
 .debug_frame   0x0000000000000554      0x114 ./Drivers/StdPeriphDriver/CH57x_sys.o
 .debug_frame   0x0000000000000668       0x9c ./Drivers/StdPeriphDriver/CH57x_uart1.o
 .debug_frame   0x0000000000000704       0x4c ./Drivers/BLE/HAL/RTC.o
 .debug_frame   0x0000000000000750       0x20 d:/mounriver/mounriver_studio/toolchain/risc-v embedded gcc/bin/../lib/gcc/riscv-none-embed/8.2.0/../../../../riscv-none-embed/lib/rv32imac/ilp32\libg_nano.a(lib_a-memmove.o)
 .debug_frame   0x0000000000000770       0x54 d:/mounriver/mounriver_studio/toolchain/risc-v embedded gcc/bin/../lib/gcc/riscv-none-embed/8.2.0/../../../../riscv-none-embed/lib/rv32imac/ilp32\libg_nano.a(lib_a-puts.o)
 .debug_frame   0x00000000000007c4       0x20 d:/mounriver/mounriver_studio/toolchain/risc-v embedded gcc/bin/../lib/gcc/riscv-none-embed/8.2.0/../../../../riscv-none-embed/lib/rv32imac/ilp32\libg_nano.a(lib_a-strchr.o)
 .debug_frame   0x00000000000007e4       0x50 d:/mounriver/mounriver_studio/toolchain/risc-v embedded gcc/bin/../lib/gcc/riscv-none-embed/8.2.0/../../../../riscv-none-embed/lib/rv32imac/ilp32\libg_nano.a(lib_a-wbuf.o)
 .debug_frame   0x0000000000000834       0x3c d:/mounriver/mounriver_studio/toolchain/risc-v embedded gcc/bin/../lib/gcc/riscv-none-embed/8.2.0/../../../../riscv-none-embed/lib/rv32imac/ilp32\libg_nano.a(lib_a-wsetup.o)
 .debug_frame   0x0000000000000870       0x7c d:/mounriver/mounriver_studio/toolchain/risc-v embedded gcc/bin/../lib/gcc/riscv-none-embed/8.2.0/../../../../riscv-none-embed/lib/rv32imac/ilp32\libg_nano.a(lib_a-fflush.o)
 .debug_frame   0x00000000000008ec      0x148 d:/mounriver/mounriver_studio/toolchain/risc-v embedded gcc/bin/../lib/gcc/riscv-none-embed/8.2.0/../../../../riscv-none-embed/lib/rv32imac/ilp32\libg_nano.a(lib_a-findfp.o)
 .debug_frame   0x0000000000000a34       0x88 d:/mounriver/mounriver_studio/toolchain/risc-v embedded gcc/bin/../lib/gcc/riscv-none-embed/8.2.0/../../../../riscv-none-embed/lib/rv32imac/ilp32\libg_nano.a(lib_a-fwalk.o)
 .debug_frame   0x0000000000000abc       0x64 d:/mounriver/mounriver_studio/toolchain/risc-v embedded gcc/bin/../lib/gcc/riscv-none-embed/8.2.0/../../../../riscv-none-embed/lib/rv32imac/ilp32\libg_nano.a(lib_a-makebuf.o)
 .debug_frame   0x0000000000000b20       0x40 d:/mounriver/mounriver_studio/toolchain/risc-v embedded gcc/bin/../lib/gcc/riscv-none-embed/8.2.0/../../../../riscv-none-embed/lib/rv32imac/ilp32\libg_nano.a(lib_a-nano-freer.o)
 .debug_frame   0x0000000000000b60       0x40 d:/mounriver/mounriver_studio/toolchain/risc-v embedded gcc/bin/../lib/gcc/riscv-none-embed/8.2.0/../../../../riscv-none-embed/lib/rv32imac/ilp32\libg_nano.a(lib_a-nano-mallocr.o)
 .debug_frame   0x0000000000000ba0       0x30 d:/mounriver/mounriver_studio/toolchain/risc-v embedded gcc/bin/../lib/gcc/riscv-none-embed/8.2.0/../../../../riscv-none-embed/lib/rv32imac/ilp32\libg_nano.a(lib_a-sbrkr.o)
 .debug_frame   0x0000000000000bd0       0xa4 d:/mounriver/mounriver_studio/toolchain/risc-v embedded gcc/bin/../lib/gcc/riscv-none-embed/8.2.0/../../../../riscv-none-embed/lib/rv32imac/ilp32\libg_nano.a(lib_a-stdio.o)
 .debug_frame   0x0000000000000c74       0x30 d:/mounriver/mounriver_studio/toolchain/risc-v embedded gcc/bin/../lib/gcc/riscv-none-embed/8.2.0/../../../../riscv-none-embed/lib/rv32imac/ilp32\libg_nano.a(lib_a-writer.o)
 .debug_frame   0x0000000000000ca4       0x30 d:/mounriver/mounriver_studio/toolchain/risc-v embedded gcc/bin/../lib/gcc/riscv-none-embed/8.2.0/../../../../riscv-none-embed/lib/rv32imac/ilp32\libg_nano.a(lib_a-closer.o)
 .debug_frame   0x0000000000000cd4       0x30 d:/mounriver/mounriver_studio/toolchain/risc-v embedded gcc/bin/../lib/gcc/riscv-none-embed/8.2.0/../../../../riscv-none-embed/lib/rv32imac/ilp32\libg_nano.a(lib_a-fstatr.o)
 .debug_frame   0x0000000000000d04       0x30 d:/mounriver/mounriver_studio/toolchain/risc-v embedded gcc/bin/../lib/gcc/riscv-none-embed/8.2.0/../../../../riscv-none-embed/lib/rv32imac/ilp32\libg_nano.a(lib_a-isattyr.o)
 .debug_frame   0x0000000000000d34       0x30 d:/mounriver/mounriver_studio/toolchain/risc-v embedded gcc/bin/../lib/gcc/riscv-none-embed/8.2.0/../../../../riscv-none-embed/lib/rv32imac/ilp32\libg_nano.a(lib_a-lseekr.o)
 .debug_frame   0x0000000000000d64       0x30 d:/mounriver/mounriver_studio/toolchain/risc-v embedded gcc/bin/../lib/gcc/riscv-none-embed/8.2.0/../../../../riscv-none-embed/lib/rv32imac/ilp32\libg_nano.a(lib_a-mlock.o)
 .debug_frame   0x0000000000000d94       0x30 d:/mounriver/mounriver_studio/toolchain/risc-v embedded gcc/bin/../lib/gcc/riscv-none-embed/8.2.0/../../../../riscv-none-embed/lib/rv32imac/ilp32\libg_nano.a(lib_a-readr.o)
 .debug_frame   0x0000000000000dc4       0x70 d:/mounriver/mounriver_studio/toolchain/risc-v embedded gcc/bin/../lib/gcc/riscv-none-embed/8.2.0/../../../../riscv-none-embed/lib/rv32imac/ilp32\libg_nano.a(lib_a-reent.o)
 .debug_frame   0x0000000000000e34       0x20 d:/mounriver/mounriver_studio/toolchain/risc-v embedded gcc/bin/../lib/gcc/riscv-none-embed/8.2.0/../../../../riscv-none-embed/lib/rv32imac/ilp32\libnosys.a(close.o)
 .debug_frame   0x0000000000000e54       0x20 d:/mounriver/mounriver_studio/toolchain/risc-v embedded gcc/bin/../lib/gcc/riscv-none-embed/8.2.0/../../../../riscv-none-embed/lib/rv32imac/ilp32\libnosys.a(fstat.o)
 .debug_frame   0x0000000000000e74       0x20 d:/mounriver/mounriver_studio/toolchain/risc-v embedded gcc/bin/../lib/gcc/riscv-none-embed/8.2.0/../../../../riscv-none-embed/lib/rv32imac/ilp32\libnosys.a(isatty.o)
 .debug_frame   0x0000000000000e94       0x20 d:/mounriver/mounriver_studio/toolchain/risc-v embedded gcc/bin/../lib/gcc/riscv-none-embed/8.2.0/../../../../riscv-none-embed/lib/rv32imac/ilp32\libnosys.a(lseek.o)
 .debug_frame   0x0000000000000eb4       0x20 d:/mounriver/mounriver_studio/toolchain/risc-v embedded gcc/bin/../lib/gcc/riscv-none-embed/8.2.0/../../../../riscv-none-embed/lib/rv32imac/ilp32\libnosys.a(read.o)
 .debug_frame   0x0000000000000ed4       0x20 d:/mounriver/mounriver_studio/toolchain/risc-v embedded gcc/bin/../lib/gcc/riscv-none-embed/8.2.0/../../../../riscv-none-embed/lib/rv32imac/ilp32\libnosys.a(sbrk.o)

.stab           0x0000000000000000       0x84
 .stab          0x0000000000000000       0x24 d:/mounriver/mounriver_studio/toolchain/risc-v embedded gcc/bin/../lib/gcc/riscv-none-embed/8.2.0/../../../../riscv-none-embed/lib/rv32imac/ilp32\libnosys.a(close.o)
 .stab          0x0000000000000024       0x18 d:/mounriver/mounriver_studio/toolchain/risc-v embedded gcc/bin/../lib/gcc/riscv-none-embed/8.2.0/../../../../riscv-none-embed/lib/rv32imac/ilp32\libnosys.a(fstat.o)
                                         0x24 (size before relaxing)
 .stab          0x000000000000003c       0x18 d:/mounriver/mounriver_studio/toolchain/risc-v embedded gcc/bin/../lib/gcc/riscv-none-embed/8.2.0/../../../../riscv-none-embed/lib/rv32imac/ilp32\libnosys.a(isatty.o)
                                         0x24 (size before relaxing)
 .stab          0x0000000000000054       0x18 d:/mounriver/mounriver_studio/toolchain/risc-v embedded gcc/bin/../lib/gcc/riscv-none-embed/8.2.0/../../../../riscv-none-embed/lib/rv32imac/ilp32\libnosys.a(lseek.o)
                                         0x24 (size before relaxing)
 .stab          0x000000000000006c       0x18 d:/mounriver/mounriver_studio/toolchain/risc-v embedded gcc/bin/../lib/gcc/riscv-none-embed/8.2.0/../../../../riscv-none-embed/lib/rv32imac/ilp32\libnosys.a(read.o)
                                         0x24 (size before relaxing)

.stabstr        0x0000000000000000      0x117
 .stabstr       0x0000000000000000      0x117 d:/mounriver/mounriver_studio/toolchain/risc-v embedded gcc/bin/../lib/gcc/riscv-none-embed/8.2.0/../../../../riscv-none-embed/lib/rv32imac/ilp32\libnosys.a(close.o)
