Archive member included to satisfy reference by file (symbol)

F:\文档\串口助手\评估版本\EVT\EXAM\SRC\StdPeriphDriver\libISP573.a(ISP573.o)
                              ./StdPeriphDriver/CH57x_pwr.o (FLASH_EEPROM_CMD)
d:/mounriver/mounriver_studio/toolchain/risc-v embedded gcc/bin/../lib/gcc/riscv-none-embed/8.2.0/rv32imac/ilp32\libgcc.a(muldf3.o)
                              ./StdPeriphDriver/CH57x_clk.o (__muldf3)
d:/mounriver/mounriver_studio/toolchain/risc-v embedded gcc/bin/../lib/gcc/riscv-none-embed/8.2.0/rv32imac/ilp32\libgcc.a(floatsidf.o)
                              ./StdPeriphDriver/CH57x_clk.o (__floatsidf)
d:/mounriver/mounriver_studio/toolchain/risc-v embedded gcc/bin/../lib/gcc/riscv-none-embed/8.2.0/rv32imac/ilp32\libgcc.a(mulsf3.o)
                              ./StdPeriphDriver/CH57x_clk.o (__mulsf3)
d:/mounriver/mounriver_studio/toolchain/risc-v embedded gcc/bin/../lib/gcc/riscv-none-embed/8.2.0/rv32imac/ilp32\libgcc.a(fixsfsi.o)
                              ./StdPeriphDriver/CH57x_clk.o (__fixsfsi)
d:/mounriver/mounriver_studio/toolchain/risc-v embedded gcc/bin/../lib/gcc/riscv-none-embed/8.2.0/rv32imac/ilp32\libgcc.a(floatsisf.o)
                              ./StdPeriphDriver/CH57x_clk.o (__floatsisf)
d:/mounriver/mounriver_studio/toolchain/risc-v embedded gcc/bin/../lib/gcc/riscv-none-embed/8.2.0/rv32imac/ilp32\libgcc.a(truncdfsf2.o)
                              ./StdPeriphDriver/CH57x_clk.o (__truncdfsf2)
d:/mounriver/mounriver_studio/toolchain/risc-v embedded gcc/bin/../lib/gcc/riscv-none-embed/8.2.0/rv32imac/ilp32\libgcc.a(_clzsi2.o)
                              d:/mounriver/mounriver_studio/toolchain/risc-v embedded gcc/bin/../lib/gcc/riscv-none-embed/8.2.0/rv32imac/ilp32\libgcc.a(muldf3.o) (__clzsi2)
d:/mounriver/mounriver_studio/toolchain/risc-v embedded gcc/bin/../lib/gcc/riscv-none-embed/8.2.0/rv32imac/ilp32\libgcc.a(_clz.o)
                              d:/mounriver/mounriver_studio/toolchain/risc-v embedded gcc/bin/../lib/gcc/riscv-none-embed/8.2.0/rv32imac/ilp32\libgcc.a(_clzsi2.o) (__clz_tab)
d:/mounriver/mounriver_studio/toolchain/risc-v embedded gcc/bin/../lib/gcc/riscv-none-embed/8.2.0/../../../../riscv-none-embed/lib/rv32imac/ilp32\libg_nano.a(lib_a-snprintf.o)
                              ./src/uart.o (snprintf)
d:/mounriver/mounriver_studio/toolchain/risc-v embedded gcc/bin/../lib/gcc/riscv-none-embed/8.2.0/../../../../riscv-none-embed/lib/rv32imac/ilp32\libg_nano.a(lib_a-strlen.o)
                              ./src/uart.o (strlen)
d:/mounriver/mounriver_studio/toolchain/risc-v embedded gcc/bin/../lib/gcc/riscv-none-embed/8.2.0/../../../../riscv-none-embed/lib/rv32imac/ilp32\libg_nano.a(lib_a-impure.o)
                              d:/mounriver/mounriver_studio/toolchain/risc-v embedded gcc/bin/../lib/gcc/riscv-none-embed/8.2.0/../../../../riscv-none-embed/lib/rv32imac/ilp32\libg_nano.a(lib_a-snprintf.o) (_impure_ptr)
d:/mounriver/mounriver_studio/toolchain/risc-v embedded gcc/bin/../lib/gcc/riscv-none-embed/8.2.0/../../../../riscv-none-embed/lib/rv32imac/ilp32\libg_nano.a(lib_a-nano-svfprintf.o)
                              d:/mounriver/mounriver_studio/toolchain/risc-v embedded gcc/bin/../lib/gcc/riscv-none-embed/8.2.0/../../../../riscv-none-embed/lib/rv32imac/ilp32\libg_nano.a(lib_a-snprintf.o) (_svfprintf_r)
d:/mounriver/mounriver_studio/toolchain/risc-v embedded gcc/bin/../lib/gcc/riscv-none-embed/8.2.0/../../../../riscv-none-embed/lib/rv32imac/ilp32\libg_nano.a(lib_a-nano-vfprintf_i.o)
                              d:/mounriver/mounriver_studio/toolchain/risc-v embedded gcc/bin/../lib/gcc/riscv-none-embed/8.2.0/../../../../riscv-none-embed/lib/rv32imac/ilp32\libg_nano.a(lib_a-nano-svfprintf.o) (_printf_i)
d:/mounriver/mounriver_studio/toolchain/risc-v embedded gcc/bin/../lib/gcc/riscv-none-embed/8.2.0/../../../../riscv-none-embed/lib/rv32imac/ilp32\libg_nano.a(lib_a-memchr.o)
                              d:/mounriver/mounriver_studio/toolchain/risc-v embedded gcc/bin/../lib/gcc/riscv-none-embed/8.2.0/../../../../riscv-none-embed/lib/rv32imac/ilp32\libg_nano.a(lib_a-nano-svfprintf.o) (memchr)
d:/mounriver/mounriver_studio/toolchain/risc-v embedded gcc/bin/../lib/gcc/riscv-none-embed/8.2.0/../../../../riscv-none-embed/lib/rv32imac/ilp32\libg_nano.a(lib_a-memcpy.o)
                              d:/mounriver/mounriver_studio/toolchain/risc-v embedded gcc/bin/../lib/gcc/riscv-none-embed/8.2.0/../../../../riscv-none-embed/lib/rv32imac/ilp32\libg_nano.a(lib_a-nano-svfprintf.o) (memcpy)
d:/mounriver/mounriver_studio/toolchain/risc-v embedded gcc/bin/../lib/gcc/riscv-none-embed/8.2.0/../../../../riscv-none-embed/lib/rv32imac/ilp32\libg_nano.a(lib_a-memmove.o)
                              d:/mounriver/mounriver_studio/toolchain/risc-v embedded gcc/bin/../lib/gcc/riscv-none-embed/8.2.0/../../../../riscv-none-embed/lib/rv32imac/ilp32\libg_nano.a(lib_a-nano-svfprintf.o) (memmove)
d:/mounriver/mounriver_studio/toolchain/risc-v embedded gcc/bin/../lib/gcc/riscv-none-embed/8.2.0/../../../../riscv-none-embed/lib/rv32imac/ilp32\libg_nano.a(lib_a-nano-freer.o)
                              d:/mounriver/mounriver_studio/toolchain/risc-v embedded gcc/bin/../lib/gcc/riscv-none-embed/8.2.0/../../../../riscv-none-embed/lib/rv32imac/ilp32\libg_nano.a(lib_a-nano-svfprintf.o) (_free_r)
d:/mounriver/mounriver_studio/toolchain/risc-v embedded gcc/bin/../lib/gcc/riscv-none-embed/8.2.0/../../../../riscv-none-embed/lib/rv32imac/ilp32\libg_nano.a(lib_a-nano-mallocr.o)
                              d:/mounriver/mounriver_studio/toolchain/risc-v embedded gcc/bin/../lib/gcc/riscv-none-embed/8.2.0/../../../../riscv-none-embed/lib/rv32imac/ilp32\libg_nano.a(lib_a-nano-svfprintf.o) (_malloc_r)
d:/mounriver/mounriver_studio/toolchain/risc-v embedded gcc/bin/../lib/gcc/riscv-none-embed/8.2.0/../../../../riscv-none-embed/lib/rv32imac/ilp32\libg_nano.a(lib_a-nano-reallocr.o)
                              d:/mounriver/mounriver_studio/toolchain/risc-v embedded gcc/bin/../lib/gcc/riscv-none-embed/8.2.0/../../../../riscv-none-embed/lib/rv32imac/ilp32\libg_nano.a(lib_a-nano-svfprintf.o) (_realloc_r)
d:/mounriver/mounriver_studio/toolchain/risc-v embedded gcc/bin/../lib/gcc/riscv-none-embed/8.2.0/../../../../riscv-none-embed/lib/rv32imac/ilp32\libg_nano.a(lib_a-sbrkr.o)
                              d:/mounriver/mounriver_studio/toolchain/risc-v embedded gcc/bin/../lib/gcc/riscv-none-embed/8.2.0/../../../../riscv-none-embed/lib/rv32imac/ilp32\libg_nano.a(lib_a-nano-mallocr.o) (_sbrk_r)
d:/mounriver/mounriver_studio/toolchain/risc-v embedded gcc/bin/../lib/gcc/riscv-none-embed/8.2.0/../../../../riscv-none-embed/lib/rv32imac/ilp32\libg_nano.a(lib_a-mlock.o)
                              d:/mounriver/mounriver_studio/toolchain/risc-v embedded gcc/bin/../lib/gcc/riscv-none-embed/8.2.0/../../../../riscv-none-embed/lib/rv32imac/ilp32\libg_nano.a(lib_a-nano-freer.o) (__malloc_lock)
d:/mounriver/mounriver_studio/toolchain/risc-v embedded gcc/bin/../lib/gcc/riscv-none-embed/8.2.0/../../../../riscv-none-embed/lib/rv32imac/ilp32\libg_nano.a(lib_a-nano-msizer.o)
                              d:/mounriver/mounriver_studio/toolchain/risc-v embedded gcc/bin/../lib/gcc/riscv-none-embed/8.2.0/../../../../riscv-none-embed/lib/rv32imac/ilp32\libg_nano.a(lib_a-nano-reallocr.o) (_malloc_usable_size_r)
d:/mounriver/mounriver_studio/toolchain/risc-v embedded gcc/bin/../lib/gcc/riscv-none-embed/8.2.0/../../../../riscv-none-embed/lib/rv32imac/ilp32\libg_nano.a(lib_a-reent.o)
                              d:/mounriver/mounriver_studio/toolchain/risc-v embedded gcc/bin/../lib/gcc/riscv-none-embed/8.2.0/../../../../riscv-none-embed/lib/rv32imac/ilp32\libg_nano.a(lib_a-sbrkr.o) (errno)
d:/mounriver/mounriver_studio/toolchain/risc-v embedded gcc/bin/../lib/gcc/riscv-none-embed/8.2.0/../../../../riscv-none-embed/lib/rv32imac/ilp32\libnosys.a(sbrk.o)
                              d:/mounriver/mounriver_studio/toolchain/risc-v embedded gcc/bin/../lib/gcc/riscv-none-embed/8.2.0/../../../../riscv-none-embed/lib/rv32imac/ilp32\libg_nano.a(lib_a-sbrkr.o) (_sbrk)

Allocating common symbols
Common symbol       size              file

errno               0x4               d:/mounriver/mounriver_studio/toolchain/risc-v embedded gcc/bin/../lib/gcc/riscv-none-embed/8.2.0/../../../../riscv-none-embed/lib/rv32imac/ilp32\libg_nano.a(lib_a-reent.o)

Discarded input sections

 .text          0x0000000000000000        0x0 ./src/Main.o
 .data          0x0000000000000000        0x0 ./src/Main.o
 .bss           0x0000000000000000        0x0 ./src/Main.o
 .text          0x0000000000000000        0x0 ./src/uart.o
 .data          0x0000000000000000        0x0 ./src/uart.o
 .bss           0x0000000000000000        0x0 ./src/uart.o
 .text          0x0000000000000000        0x0 ./StdPeriphDriver/CH57x_adc.o
 .data          0x0000000000000000        0x0 ./StdPeriphDriver/CH57x_adc.o
 .bss           0x0000000000000000        0x0 ./StdPeriphDriver/CH57x_adc.o
 .text.ADC_DataCalib_Rough
                0x0000000000000000       0x94 ./StdPeriphDriver/CH57x_adc.o
 .text.ADC_ExtSingleChSampInit
                0x0000000000000000       0x24 ./StdPeriphDriver/CH57x_adc.o
 .text.ADC_ExtDiffChSampInit
                0x0000000000000000       0x24 ./StdPeriphDriver/CH57x_adc.o
 .text.ADC_InterTSSampInit
                0x0000000000000000       0x28 ./StdPeriphDriver/CH57x_adc.o
 .text.ADC_InterBATSampInit
                0x0000000000000000       0x1e ./StdPeriphDriver/CH57x_adc.o
 .text.TouchKey_ChSampInit
                0x0000000000000000       0x1a ./StdPeriphDriver/CH57x_adc.o
 .text.ADC_ExcutSingleConver
                0x0000000000000000       0x20 ./StdPeriphDriver/CH57x_adc.o
 .text.TouchKey_ExcutSingleConver
                0x0000000000000000       0x2e ./StdPeriphDriver/CH57x_adc.o
 .text.ADC_AutoConverCycle
                0x0000000000000000        0xa ./StdPeriphDriver/CH57x_adc.o
 .text.ADC_DMACfg
                0x0000000000000000       0x42 ./StdPeriphDriver/CH57x_adc.o
 .text.adc_to_temperature_celsius
                0x0000000000000000       0x24 ./StdPeriphDriver/CH57x_adc.o
 .debug_info    0x0000000000000000      0xee2 ./StdPeriphDriver/CH57x_adc.o
 .debug_abbrev  0x0000000000000000      0x2cf ./StdPeriphDriver/CH57x_adc.o
 .debug_loc     0x0000000000000000      0x211 ./StdPeriphDriver/CH57x_adc.o
 .debug_aranges
                0x0000000000000000       0x70 ./StdPeriphDriver/CH57x_adc.o
 .debug_ranges  0x0000000000000000       0x60 ./StdPeriphDriver/CH57x_adc.o
 .debug_line    0x0000000000000000      0x90a ./StdPeriphDriver/CH57x_adc.o
 .debug_str     0x0000000000000000      0xa16 ./StdPeriphDriver/CH57x_adc.o
 .comment       0x0000000000000000       0x34 ./StdPeriphDriver/CH57x_adc.o
 .debug_frame   0x0000000000000000       0xc0 ./StdPeriphDriver/CH57x_adc.o
 .text          0x0000000000000000        0x0 ./StdPeriphDriver/CH57x_clk.o
 .data          0x0000000000000000        0x0 ./StdPeriphDriver/CH57x_clk.o
 .bss           0x0000000000000000        0x0 ./StdPeriphDriver/CH57x_clk.o
 .text.LClk32K_Select
                0x0000000000000000       0x32 ./StdPeriphDriver/CH57x_clk.o
 .text.HSECFG_Current
                0x0000000000000000       0x2a ./StdPeriphDriver/CH57x_clk.o
 .text.HSECFG_Capacitance
                0x0000000000000000       0x2e ./StdPeriphDriver/CH57x_clk.o
 .text.LSECFG_Current
                0x0000000000000000       0x2a ./StdPeriphDriver/CH57x_clk.o
 .text.LSECFG_Capacitance
                0x0000000000000000       0x2c ./StdPeriphDriver/CH57x_clk.o
 .text.Calibration_LSI_FLASH
                0x0000000000000000      0x296 ./StdPeriphDriver/CH57x_clk.o
 .highcode      0x0000000000000000       0x4a ./StdPeriphDriver/CH57x_clk.o
 .text.Calibration_LSI_RAM
                0x0000000000000000      0x254 ./StdPeriphDriver/CH57x_clk.o
 .text.LSI_SetTune_FLASH
                0x0000000000000000       0x26 ./StdPeriphDriver/CH57x_clk.o
 .text.LSI_SetTune_RAM
                0x0000000000000000       0x26 ./StdPeriphDriver/CH57x_clk.o
 .text.RTC_InitTime
                0x0000000000000000      0x134 ./StdPeriphDriver/CH57x_clk.o
 .text.RTC_GetTime
                0x0000000000000000      0x15c ./StdPeriphDriver/CH57x_clk.o
 .text.RTC_SetCycle32k
                0x0000000000000000       0x52 ./StdPeriphDriver/CH57x_clk.o
 .text.RTC_GetCycle32k
                0x0000000000000000       0x18 ./StdPeriphDriver/CH57x_clk.o
 .text.RTC_TMRFunCfg
                0x0000000000000000       0x38 ./StdPeriphDriver/CH57x_clk.o
 .text.RTC_TRIGFunCfg
                0x0000000000000000       0x40 ./StdPeriphDriver/CH57x_clk.o
 .text.RTC_ModeFunDisable
                0x0000000000000000       0x38 ./StdPeriphDriver/CH57x_clk.o
 .text.RTC_GetITFlag
                0x0000000000000000       0x1a ./StdPeriphDriver/CH57x_clk.o
 .text.RTC_ClearITFlag
                0x0000000000000000       0x20 ./StdPeriphDriver/CH57x_clk.o
 .rodata.Calibration_LSI_FLASH.cst4
                0x0000000000000000        0x4 ./StdPeriphDriver/CH57x_clk.o
 .rodata.Calibration_LSI_FLASH.cst8
                0x0000000000000000       0x10 ./StdPeriphDriver/CH57x_clk.o
 .sbss.Int32K_Tune_FLASH
                0x0000000000000000        0x2 ./StdPeriphDriver/CH57x_clk.o
 .sbss.Int32K_Tune_RAM
                0x0000000000000000        0x2 ./StdPeriphDriver/CH57x_clk.o
 .debug_info    0x0000000000000000     0x13e5 ./StdPeriphDriver/CH57x_clk.o
 .debug_abbrev  0x0000000000000000      0x39e ./StdPeriphDriver/CH57x_clk.o
 .debug_loc     0x0000000000000000      0xb67 ./StdPeriphDriver/CH57x_clk.o
 .debug_aranges
                0x0000000000000000       0xb0 ./StdPeriphDriver/CH57x_clk.o
 .debug_ranges  0x0000000000000000       0xa0 ./StdPeriphDriver/CH57x_clk.o
 .debug_line    0x0000000000000000     0x1af5 ./StdPeriphDriver/CH57x_clk.o
 .debug_str     0x0000000000000000      0xbe2 ./StdPeriphDriver/CH57x_clk.o
 .comment       0x0000000000000000       0x34 ./StdPeriphDriver/CH57x_clk.o
 .debug_frame   0x0000000000000000      0x204 ./StdPeriphDriver/CH57x_clk.o
 .text          0x0000000000000000        0x0 ./StdPeriphDriver/CH57x_flash.o
 .data          0x0000000000000000        0x0 ./StdPeriphDriver/CH57x_flash.o
 .bss           0x0000000000000000        0x0 ./StdPeriphDriver/CH57x_flash.o
 .text.FLASH_ROM_READ
                0x0000000000000000       0x1c ./StdPeriphDriver/CH57x_flash.o
 .debug_info    0x0000000000000000      0xc2a ./StdPeriphDriver/CH57x_flash.o
 .debug_abbrev  0x0000000000000000      0x21a ./StdPeriphDriver/CH57x_flash.o
 .debug_loc     0x0000000000000000       0xff ./StdPeriphDriver/CH57x_flash.o
 .debug_aranges
                0x0000000000000000       0x20 ./StdPeriphDriver/CH57x_flash.o
 .debug_ranges  0x0000000000000000       0x10 ./StdPeriphDriver/CH57x_flash.o
 .debug_line    0x0000000000000000      0x2be ./StdPeriphDriver/CH57x_flash.o
 .debug_str     0x0000000000000000      0x7b9 ./StdPeriphDriver/CH57x_flash.o
 .comment       0x0000000000000000       0x34 ./StdPeriphDriver/CH57x_flash.o
 .debug_frame   0x0000000000000000       0x20 ./StdPeriphDriver/CH57x_flash.o
 .text          0x0000000000000000        0x0 ./StdPeriphDriver/CH57x_gpio.o
 .data          0x0000000000000000        0x0 ./StdPeriphDriver/CH57x_gpio.o
 .bss           0x0000000000000000        0x0 ./StdPeriphDriver/CH57x_gpio.o
 .text.GPIOB_ModeCfg
                0x0000000000000000       0xa6 ./StdPeriphDriver/CH57x_gpio.o
 .rodata.GPIOB_ModeCfg
                0x0000000000000000       0x14 ./StdPeriphDriver/CH57x_gpio.o
 .text.GPIOA_ITModeCfg
                0x0000000000000000       0x82 ./StdPeriphDriver/CH57x_gpio.o
 .text.GPIOB_ITModeCfg
                0x0000000000000000       0x8a ./StdPeriphDriver/CH57x_gpio.o
 .text.GPIOPinRemap
                0x0000000000000000       0x1a ./StdPeriphDriver/CH57x_gpio.o
 .text.GPIOAGPPCfg
                0x0000000000000000       0x1a ./StdPeriphDriver/CH57x_gpio.o
 .text          0x0000000000000000        0x0 ./StdPeriphDriver/CH57x_pwr.o
 .data          0x0000000000000000        0x0 ./StdPeriphDriver/CH57x_pwr.o
 .bss           0x0000000000000000        0x0 ./StdPeriphDriver/CH57x_pwr.o
 .text.PWR_DCDCCfg
                0x0000000000000000       0x88 ./StdPeriphDriver/CH57x_pwr.o
 .text.PWR_UnitModCfg
                0x0000000000000000       0x5a ./StdPeriphDriver/CH57x_pwr.o
 .text.PWR_PeriphClkCfg
                0x0000000000000000       0x2e ./StdPeriphDriver/CH57x_pwr.o
 .text.PWR_PeriphWakeUpCfg
                0x0000000000000000       0x70 ./StdPeriphDriver/CH57x_pwr.o
 .text.PowerMonitor
                0x0000000000000000       0x96 ./StdPeriphDriver/CH57x_pwr.o
 .highcode      0x0000000000000000      0x2a2 ./StdPeriphDriver/CH57x_pwr.o
 .sdata2.CSWTCH.6
                0x0000000000000000        0x4 ./StdPeriphDriver/CH57x_pwr.o
 .debug_info    0x0000000000000000     0x1269 ./StdPeriphDriver/CH57x_pwr.o
 .debug_abbrev  0x0000000000000000      0x345 ./StdPeriphDriver/CH57x_pwr.o
 .debug_loc     0x0000000000000000      0x1fc ./StdPeriphDriver/CH57x_pwr.o
 .debug_aranges
                0x0000000000000000       0x60 ./StdPeriphDriver/CH57x_pwr.o
 .debug_ranges  0x0000000000000000       0x70 ./StdPeriphDriver/CH57x_pwr.o
 .debug_line    0x0000000000000000      0xe11 ./StdPeriphDriver/CH57x_pwr.o
 .debug_str     0x0000000000000000      0xb77 ./StdPeriphDriver/CH57x_pwr.o
 .comment       0x0000000000000000       0x34 ./StdPeriphDriver/CH57x_pwr.o
 .debug_frame   0x0000000000000000      0x10c ./StdPeriphDriver/CH57x_pwr.o
 .text          0x0000000000000000        0x0 ./StdPeriphDriver/CH57x_sys.o
 .data          0x0000000000000000        0x0 ./StdPeriphDriver/CH57x_sys.o
 .bss           0x0000000000000000        0x0 ./StdPeriphDriver/CH57x_sys.o
 .text.SYS_GetInfoSta
                0x0000000000000000       0x24 ./StdPeriphDriver/CH57x_sys.o
 .text.SYS_DisableAllIrq
                0x0000000000000000       0x1c ./StdPeriphDriver/CH57x_sys.o
 .text.SYS_RecoverIrq
                0x0000000000000000       0x14 ./StdPeriphDriver/CH57x_sys.o
 .text.SYS_GetSysTickCnt
                0x0000000000000000        0xa ./StdPeriphDriver/CH57x_sys.o
 .text.WWDG_ITCfg
                0x0000000000000000       0x32 ./StdPeriphDriver/CH57x_sys.o
 .text.WWDG_ResetCfg
                0x0000000000000000       0x32 ./StdPeriphDriver/CH57x_sys.o
 .text.WWDG_ClearFlag
                0x0000000000000000       0x26 ./StdPeriphDriver/CH57x_sys.o
 .text._write   0x0000000000000000       0x28 ./StdPeriphDriver/CH57x_sys.o
 .text          0x0000000000000000        0x0 ./StdPeriphDriver/CH57x_uart0.o
 .data          0x0000000000000000        0x0 ./StdPeriphDriver/CH57x_uart0.o
 .bss           0x0000000000000000        0x0 ./StdPeriphDriver/CH57x_uart0.o
 .text.UART0_BaudRateCfg
                0x0000000000000000       0x36 ./StdPeriphDriver/CH57x_uart0.o
 .text.UART0_DefInit
                0x0000000000000000       0x38 ./StdPeriphDriver/CH57x_uart0.o
 .text.UART0_ByteTrigCfg
                0x0000000000000000       0x1a ./StdPeriphDriver/CH57x_uart0.o
 .text.UART0_INTCfg
                0x0000000000000000       0x2a ./StdPeriphDriver/CH57x_uart0.o
 .text.UART0_Reset
                0x0000000000000000        0xe ./StdPeriphDriver/CH57x_uart0.o
 .text.UART0_SendString
                0x0000000000000000       0x28 ./StdPeriphDriver/CH57x_uart0.o
 .text.UART0_RecvString
                0x0000000000000000       0x2a ./StdPeriphDriver/CH57x_uart0.o
 .debug_info    0x0000000000000000      0xd86 ./StdPeriphDriver/CH57x_uart0.o
 .debug_abbrev  0x0000000000000000      0x2aa ./StdPeriphDriver/CH57x_uart0.o
 .debug_loc     0x0000000000000000      0x1ed ./StdPeriphDriver/CH57x_uart0.o
 .debug_aranges
                0x0000000000000000       0x50 ./StdPeriphDriver/CH57x_uart0.o
 .debug_ranges  0x0000000000000000       0x40 ./StdPeriphDriver/CH57x_uart0.o
 .debug_line    0x0000000000000000      0x5c2 ./StdPeriphDriver/CH57x_uart0.o
 .debug_str     0x0000000000000000      0x88d ./StdPeriphDriver/CH57x_uart0.o
 .comment       0x0000000000000000       0x34 ./StdPeriphDriver/CH57x_uart0.o
 .debug_frame   0x0000000000000000       0x9c ./StdPeriphDriver/CH57x_uart0.o
 .text          0x0000000000000000        0x0 ./StdPeriphDriver/CH57x_uart1.o
 .data          0x0000000000000000        0x0 ./StdPeriphDriver/CH57x_uart1.o
 .bss           0x0000000000000000        0x0 ./StdPeriphDriver/CH57x_uart1.o
 .text.UART1_Reset
                0x0000000000000000        0xe ./StdPeriphDriver/CH57x_uart1.o
 .text.UART1_RecvString
                0x0000000000000000       0x2a ./StdPeriphDriver/CH57x_uart1.o
 .text          0x0000000000000000        0x0 ./Startup/startup_CH573.o
 .data          0x0000000000000000        0x0 ./Startup/startup_CH573.o
 .bss           0x0000000000000000        0x0 ./Startup/startup_CH573.o
 .text          0x0000000000000000        0x0 ./RVMSIS/core_riscv.o
 .data          0x0000000000000000        0x0 ./RVMSIS/core_riscv.o
 .bss           0x0000000000000000        0x0 ./RVMSIS/core_riscv.o
 .text.__get_FFLAGS
                0x0000000000000000        0x6 ./RVMSIS/core_riscv.o
 .text.__set_FFLAGS
                0x0000000000000000        0x6 ./RVMSIS/core_riscv.o
 .text.__get_FRM
                0x0000000000000000        0x6 ./RVMSIS/core_riscv.o
 .text.__set_FRM
                0x0000000000000000        0x6 ./RVMSIS/core_riscv.o
 .text.__get_FCSR
                0x0000000000000000        0x6 ./RVMSIS/core_riscv.o
 .text.__set_FCSR
                0x0000000000000000        0x6 ./RVMSIS/core_riscv.o
 .text.__get_MSTATUS
                0x0000000000000000        0x6 ./RVMSIS/core_riscv.o
 .text.__set_MSTATUS
                0x0000000000000000        0x6 ./RVMSIS/core_riscv.o
 .text.__get_MISA
                0x0000000000000000        0x6 ./RVMSIS/core_riscv.o
 .text.__set_MISA
                0x0000000000000000        0x6 ./RVMSIS/core_riscv.o
 .text.__get_MIE
                0x0000000000000000        0x6 ./RVMSIS/core_riscv.o
 .text.__set_MIE
                0x0000000000000000        0x6 ./RVMSIS/core_riscv.o
 .text.__get_MTVEC
                0x0000000000000000        0x6 ./RVMSIS/core_riscv.o
 .text.__set_MTVEC
                0x0000000000000000        0x6 ./RVMSIS/core_riscv.o
 .text.__get_MSCRATCH
                0x0000000000000000        0x6 ./RVMSIS/core_riscv.o
 .text.__set_MSCRATCH
                0x0000000000000000        0x6 ./RVMSIS/core_riscv.o
 .text.__get_MEPC
                0x0000000000000000        0x6 ./RVMSIS/core_riscv.o
 .text.__set_MEPC
                0x0000000000000000        0x6 ./RVMSIS/core_riscv.o
 .text.__get_MCAUSE
                0x0000000000000000        0x6 ./RVMSIS/core_riscv.o
 .text.__set_MCAUSE
                0x0000000000000000        0x6 ./RVMSIS/core_riscv.o
 .text.__get_MTVAL
                0x0000000000000000        0x6 ./RVMSIS/core_riscv.o
 .text.__set_MTVAL
                0x0000000000000000        0x6 ./RVMSIS/core_riscv.o
 .text.__get_MIP
                0x0000000000000000        0x6 ./RVMSIS/core_riscv.o
 .text.__set_MIP
                0x0000000000000000        0x6 ./RVMSIS/core_riscv.o
 .text.__get_MCYCLE
                0x0000000000000000        0x6 ./RVMSIS/core_riscv.o
 .text.__set_MCYCLE
                0x0000000000000000        0x6 ./RVMSIS/core_riscv.o
 .text.__get_MCYCLEH
                0x0000000000000000        0x6 ./RVMSIS/core_riscv.o
 .text.__set_MCYCLEH
                0x0000000000000000        0x6 ./RVMSIS/core_riscv.o
 .text.__get_MINSTRET
                0x0000000000000000        0x6 ./RVMSIS/core_riscv.o
 .text.__set_MINSTRET
                0x0000000000000000        0x6 ./RVMSIS/core_riscv.o
 .text.__get_MINSTRETH
                0x0000000000000000        0x6 ./RVMSIS/core_riscv.o
 .text.__set_MINSTRETH
                0x0000000000000000        0x6 ./RVMSIS/core_riscv.o
 .text.__get_MVENDORID
                0x0000000000000000        0x6 ./RVMSIS/core_riscv.o
 .text.__get_MARCHID
                0x0000000000000000        0x6 ./RVMSIS/core_riscv.o
 .text.__get_MIMPID
                0x0000000000000000        0x6 ./RVMSIS/core_riscv.o
 .text.__get_MHARTID
                0x0000000000000000        0x6 ./RVMSIS/core_riscv.o
 .debug_info    0x0000000000000000      0x624 ./RVMSIS/core_riscv.o
 .debug_abbrev  0x0000000000000000      0x10d ./RVMSIS/core_riscv.o
 .debug_aranges
                0x0000000000000000      0x138 ./RVMSIS/core_riscv.o
 .debug_ranges  0x0000000000000000      0x128 ./RVMSIS/core_riscv.o
 .debug_line    0x0000000000000000      0x72f ./RVMSIS/core_riscv.o
 .debug_str     0x0000000000000000      0x39b ./RVMSIS/core_riscv.o
 .comment       0x0000000000000000       0x34 ./RVMSIS/core_riscv.o
 .debug_frame   0x0000000000000000      0x250 ./RVMSIS/core_riscv.o
 .text          0x0000000000000000        0x0 F:\文档\串口助手\评估版本\EVT\EXAM\SRC\StdPeriphDriver\libISP573.a(ISP573.o)
 .data          0x0000000000000000        0x0 F:\文档\串口助手\评估版本\EVT\EXAM\SRC\StdPeriphDriver\libISP573.a(ISP573.o)
 .bss           0x0000000000000000        0x0 F:\文档\串口助手\评估版本\EVT\EXAM\SRC\StdPeriphDriver\libISP573.a(ISP573.o)
 .text          0x0000000000000000        0x0 d:/mounriver/mounriver_studio/toolchain/risc-v embedded gcc/bin/../lib/gcc/riscv-none-embed/8.2.0/rv32imac/ilp32\libgcc.a(muldf3.o)
 .data          0x0000000000000000        0x0 d:/mounriver/mounriver_studio/toolchain/risc-v embedded gcc/bin/../lib/gcc/riscv-none-embed/8.2.0/rv32imac/ilp32\libgcc.a(muldf3.o)
 .bss           0x0000000000000000        0x0 d:/mounriver/mounriver_studio/toolchain/risc-v embedded gcc/bin/../lib/gcc/riscv-none-embed/8.2.0/rv32imac/ilp32\libgcc.a(muldf3.o)
 .text.__muldf3
                0x0000000000000000      0x4c8 d:/mounriver/mounriver_studio/toolchain/risc-v embedded gcc/bin/../lib/gcc/riscv-none-embed/8.2.0/rv32imac/ilp32\libgcc.a(muldf3.o)
 .rodata.__muldf3
                0x0000000000000000       0x40 d:/mounriver/mounriver_studio/toolchain/risc-v embedded gcc/bin/../lib/gcc/riscv-none-embed/8.2.0/rv32imac/ilp32\libgcc.a(muldf3.o)
 .debug_frame   0x0000000000000000       0x54 d:/mounriver/mounriver_studio/toolchain/risc-v embedded gcc/bin/../lib/gcc/riscv-none-embed/8.2.0/rv32imac/ilp32\libgcc.a(muldf3.o)
 .text          0x0000000000000000        0x0 d:/mounriver/mounriver_studio/toolchain/risc-v embedded gcc/bin/../lib/gcc/riscv-none-embed/8.2.0/rv32imac/ilp32\libgcc.a(floatsidf.o)
 .data          0x0000000000000000        0x0 d:/mounriver/mounriver_studio/toolchain/risc-v embedded gcc/bin/../lib/gcc/riscv-none-embed/8.2.0/rv32imac/ilp32\libgcc.a(floatsidf.o)
 .bss           0x0000000000000000        0x0 d:/mounriver/mounriver_studio/toolchain/risc-v embedded gcc/bin/../lib/gcc/riscv-none-embed/8.2.0/rv32imac/ilp32\libgcc.a(floatsidf.o)
 .text.__floatsidf
                0x0000000000000000       0x76 d:/mounriver/mounriver_studio/toolchain/risc-v embedded gcc/bin/../lib/gcc/riscv-none-embed/8.2.0/rv32imac/ilp32\libgcc.a(floatsidf.o)
 .debug_frame   0x0000000000000000       0x38 d:/mounriver/mounriver_studio/toolchain/risc-v embedded gcc/bin/../lib/gcc/riscv-none-embed/8.2.0/rv32imac/ilp32\libgcc.a(floatsidf.o)
 .text          0x0000000000000000        0x0 d:/mounriver/mounriver_studio/toolchain/risc-v embedded gcc/bin/../lib/gcc/riscv-none-embed/8.2.0/rv32imac/ilp32\libgcc.a(mulsf3.o)
 .data          0x0000000000000000        0x0 d:/mounriver/mounriver_studio/toolchain/risc-v embedded gcc/bin/../lib/gcc/riscv-none-embed/8.2.0/rv32imac/ilp32\libgcc.a(mulsf3.o)
 .bss           0x0000000000000000        0x0 d:/mounriver/mounriver_studio/toolchain/risc-v embedded gcc/bin/../lib/gcc/riscv-none-embed/8.2.0/rv32imac/ilp32\libgcc.a(mulsf3.o)
 .text.__mulsf3
                0x0000000000000000      0x29c d:/mounriver/mounriver_studio/toolchain/risc-v embedded gcc/bin/../lib/gcc/riscv-none-embed/8.2.0/rv32imac/ilp32\libgcc.a(mulsf3.o)
 .rodata.__mulsf3
                0x0000000000000000       0x40 d:/mounriver/mounriver_studio/toolchain/risc-v embedded gcc/bin/../lib/gcc/riscv-none-embed/8.2.0/rv32imac/ilp32\libgcc.a(mulsf3.o)
 .debug_frame   0x0000000000000000       0x50 d:/mounriver/mounriver_studio/toolchain/risc-v embedded gcc/bin/../lib/gcc/riscv-none-embed/8.2.0/rv32imac/ilp32\libgcc.a(mulsf3.o)
 .text          0x0000000000000000        0x0 d:/mounriver/mounriver_studio/toolchain/risc-v embedded gcc/bin/../lib/gcc/riscv-none-embed/8.2.0/rv32imac/ilp32\libgcc.a(fixsfsi.o)
 .data          0x0000000000000000        0x0 d:/mounriver/mounriver_studio/toolchain/risc-v embedded gcc/bin/../lib/gcc/riscv-none-embed/8.2.0/rv32imac/ilp32\libgcc.a(fixsfsi.o)
 .bss           0x0000000000000000        0x0 d:/mounriver/mounriver_studio/toolchain/risc-v embedded gcc/bin/../lib/gcc/riscv-none-embed/8.2.0/rv32imac/ilp32\libgcc.a(fixsfsi.o)
 .text.__fixsfsi
                0x0000000000000000       0x62 d:/mounriver/mounriver_studio/toolchain/risc-v embedded gcc/bin/../lib/gcc/riscv-none-embed/8.2.0/rv32imac/ilp32\libgcc.a(fixsfsi.o)
 .debug_frame   0x0000000000000000       0x20 d:/mounriver/mounriver_studio/toolchain/risc-v embedded gcc/bin/../lib/gcc/riscv-none-embed/8.2.0/rv32imac/ilp32\libgcc.a(fixsfsi.o)
 .text          0x0000000000000000        0x0 d:/mounriver/mounriver_studio/toolchain/risc-v embedded gcc/bin/../lib/gcc/riscv-none-embed/8.2.0/rv32imac/ilp32\libgcc.a(floatsisf.o)
 .data          0x0000000000000000        0x0 d:/mounriver/mounriver_studio/toolchain/risc-v embedded gcc/bin/../lib/gcc/riscv-none-embed/8.2.0/rv32imac/ilp32\libgcc.a(floatsisf.o)
 .bss           0x0000000000000000        0x0 d:/mounriver/mounriver_studio/toolchain/risc-v embedded gcc/bin/../lib/gcc/riscv-none-embed/8.2.0/rv32imac/ilp32\libgcc.a(floatsisf.o)
 .text.__floatsisf
                0x0000000000000000       0xcc d:/mounriver/mounriver_studio/toolchain/risc-v embedded gcc/bin/../lib/gcc/riscv-none-embed/8.2.0/rv32imac/ilp32\libgcc.a(floatsisf.o)
 .debug_frame   0x0000000000000000       0x38 d:/mounriver/mounriver_studio/toolchain/risc-v embedded gcc/bin/../lib/gcc/riscv-none-embed/8.2.0/rv32imac/ilp32\libgcc.a(floatsisf.o)
 .text          0x0000000000000000        0x0 d:/mounriver/mounriver_studio/toolchain/risc-v embedded gcc/bin/../lib/gcc/riscv-none-embed/8.2.0/rv32imac/ilp32\libgcc.a(truncdfsf2.o)
 .data          0x0000000000000000        0x0 d:/mounriver/mounriver_studio/toolchain/risc-v embedded gcc/bin/../lib/gcc/riscv-none-embed/8.2.0/rv32imac/ilp32\libgcc.a(truncdfsf2.o)
 .bss           0x0000000000000000        0x0 d:/mounriver/mounriver_studio/toolchain/risc-v embedded gcc/bin/../lib/gcc/riscv-none-embed/8.2.0/rv32imac/ilp32\libgcc.a(truncdfsf2.o)
 .text.__truncdfsf2
                0x0000000000000000      0x16a d:/mounriver/mounriver_studio/toolchain/risc-v embedded gcc/bin/../lib/gcc/riscv-none-embed/8.2.0/rv32imac/ilp32\libgcc.a(truncdfsf2.o)
 .debug_frame   0x0000000000000000       0x20 d:/mounriver/mounriver_studio/toolchain/risc-v embedded gcc/bin/../lib/gcc/riscv-none-embed/8.2.0/rv32imac/ilp32\libgcc.a(truncdfsf2.o)
 .text          0x0000000000000000        0x0 d:/mounriver/mounriver_studio/toolchain/risc-v embedded gcc/bin/../lib/gcc/riscv-none-embed/8.2.0/rv32imac/ilp32\libgcc.a(_clzsi2.o)
 .data          0x0000000000000000        0x0 d:/mounriver/mounriver_studio/toolchain/risc-v embedded gcc/bin/../lib/gcc/riscv-none-embed/8.2.0/rv32imac/ilp32\libgcc.a(_clzsi2.o)
 .bss           0x0000000000000000        0x0 d:/mounriver/mounriver_studio/toolchain/risc-v embedded gcc/bin/../lib/gcc/riscv-none-embed/8.2.0/rv32imac/ilp32\libgcc.a(_clzsi2.o)
 .text.__clzsi2
                0x0000000000000000       0x76 d:/mounriver/mounriver_studio/toolchain/risc-v embedded gcc/bin/../lib/gcc/riscv-none-embed/8.2.0/rv32imac/ilp32\libgcc.a(_clzsi2.o)
 .debug_frame   0x0000000000000000       0x20 d:/mounriver/mounriver_studio/toolchain/risc-v embedded gcc/bin/../lib/gcc/riscv-none-embed/8.2.0/rv32imac/ilp32\libgcc.a(_clzsi2.o)
 .text          0x0000000000000000        0x0 d:/mounriver/mounriver_studio/toolchain/risc-v embedded gcc/bin/../lib/gcc/riscv-none-embed/8.2.0/rv32imac/ilp32\libgcc.a(_clz.o)
 .data          0x0000000000000000        0x0 d:/mounriver/mounriver_studio/toolchain/risc-v embedded gcc/bin/../lib/gcc/riscv-none-embed/8.2.0/rv32imac/ilp32\libgcc.a(_clz.o)
 .bss           0x0000000000000000        0x0 d:/mounriver/mounriver_studio/toolchain/risc-v embedded gcc/bin/../lib/gcc/riscv-none-embed/8.2.0/rv32imac/ilp32\libgcc.a(_clz.o)
 .rodata.__clz_tab
                0x0000000000000000      0x100 d:/mounriver/mounriver_studio/toolchain/risc-v embedded gcc/bin/../lib/gcc/riscv-none-embed/8.2.0/rv32imac/ilp32\libgcc.a(_clz.o)
 .text          0x0000000000000000        0x0 d:/mounriver/mounriver_studio/toolchain/risc-v embedded gcc/bin/../lib/gcc/riscv-none-embed/8.2.0/../../../../riscv-none-embed/lib/rv32imac/ilp32\libg_nano.a(lib_a-snprintf.o)
 .data          0x0000000000000000        0x0 d:/mounriver/mounriver_studio/toolchain/risc-v embedded gcc/bin/../lib/gcc/riscv-none-embed/8.2.0/../../../../riscv-none-embed/lib/rv32imac/ilp32\libg_nano.a(lib_a-snprintf.o)
 .bss           0x0000000000000000        0x0 d:/mounriver/mounriver_studio/toolchain/risc-v embedded gcc/bin/../lib/gcc/riscv-none-embed/8.2.0/../../../../riscv-none-embed/lib/rv32imac/ilp32\libg_nano.a(lib_a-snprintf.o)
 .text._snprintf_r
                0x0000000000000000       0x6e d:/mounriver/mounriver_studio/toolchain/risc-v embedded gcc/bin/../lib/gcc/riscv-none-embed/8.2.0/../../../../riscv-none-embed/lib/rv32imac/ilp32\libg_nano.a(lib_a-snprintf.o)
 .text          0x0000000000000000        0x0 d:/mounriver/mounriver_studio/toolchain/risc-v embedded gcc/bin/../lib/gcc/riscv-none-embed/8.2.0/../../../../riscv-none-embed/lib/rv32imac/ilp32\libg_nano.a(lib_a-strlen.o)
 .data          0x0000000000000000        0x0 d:/mounriver/mounriver_studio/toolchain/risc-v embedded gcc/bin/../lib/gcc/riscv-none-embed/8.2.0/../../../../riscv-none-embed/lib/rv32imac/ilp32\libg_nano.a(lib_a-strlen.o)
 .bss           0x0000000000000000        0x0 d:/mounriver/mounriver_studio/toolchain/risc-v embedded gcc/bin/../lib/gcc/riscv-none-embed/8.2.0/../../../../riscv-none-embed/lib/rv32imac/ilp32\libg_nano.a(lib_a-strlen.o)
 .text          0x0000000000000000        0x0 d:/mounriver/mounriver_studio/toolchain/risc-v embedded gcc/bin/../lib/gcc/riscv-none-embed/8.2.0/../../../../riscv-none-embed/lib/rv32imac/ilp32\libg_nano.a(lib_a-impure.o)
 .data          0x0000000000000000        0x0 d:/mounriver/mounriver_studio/toolchain/risc-v embedded gcc/bin/../lib/gcc/riscv-none-embed/8.2.0/../../../../riscv-none-embed/lib/rv32imac/ilp32\libg_nano.a(lib_a-impure.o)
 .bss           0x0000000000000000        0x0 d:/mounriver/mounriver_studio/toolchain/risc-v embedded gcc/bin/../lib/gcc/riscv-none-embed/8.2.0/../../../../riscv-none-embed/lib/rv32imac/ilp32\libg_nano.a(lib_a-impure.o)
 .sdata2._global_impure_ptr
                0x0000000000000000        0x4 d:/mounriver/mounriver_studio/toolchain/risc-v embedded gcc/bin/../lib/gcc/riscv-none-embed/8.2.0/../../../../riscv-none-embed/lib/rv32imac/ilp32\libg_nano.a(lib_a-impure.o)
 .text          0x0000000000000000        0x0 d:/mounriver/mounriver_studio/toolchain/risc-v embedded gcc/bin/../lib/gcc/riscv-none-embed/8.2.0/../../../../riscv-none-embed/lib/rv32imac/ilp32\libg_nano.a(lib_a-nano-svfprintf.o)
 .data          0x0000000000000000        0x0 d:/mounriver/mounriver_studio/toolchain/risc-v embedded gcc/bin/../lib/gcc/riscv-none-embed/8.2.0/../../../../riscv-none-embed/lib/rv32imac/ilp32\libg_nano.a(lib_a-nano-svfprintf.o)
 .bss           0x0000000000000000        0x0 d:/mounriver/mounriver_studio/toolchain/risc-v embedded gcc/bin/../lib/gcc/riscv-none-embed/8.2.0/../../../../riscv-none-embed/lib/rv32imac/ilp32\libg_nano.a(lib_a-nano-svfprintf.o)
 .text.__ssprint_r
                0x0000000000000000      0x148 d:/mounriver/mounriver_studio/toolchain/risc-v embedded gcc/bin/../lib/gcc/riscv-none-embed/8.2.0/../../../../riscv-none-embed/lib/rv32imac/ilp32\libg_nano.a(lib_a-nano-svfprintf.o)
 .text          0x0000000000000000        0x0 d:/mounriver/mounriver_studio/toolchain/risc-v embedded gcc/bin/../lib/gcc/riscv-none-embed/8.2.0/../../../../riscv-none-embed/lib/rv32imac/ilp32\libg_nano.a(lib_a-nano-vfprintf_i.o)
 .data          0x0000000000000000        0x0 d:/mounriver/mounriver_studio/toolchain/risc-v embedded gcc/bin/../lib/gcc/riscv-none-embed/8.2.0/../../../../riscv-none-embed/lib/rv32imac/ilp32\libg_nano.a(lib_a-nano-vfprintf_i.o)
 .bss           0x0000000000000000        0x0 d:/mounriver/mounriver_studio/toolchain/risc-v embedded gcc/bin/../lib/gcc/riscv-none-embed/8.2.0/../../../../riscv-none-embed/lib/rv32imac/ilp32\libg_nano.a(lib_a-nano-vfprintf_i.o)
 .text          0x0000000000000000        0x0 d:/mounriver/mounriver_studio/toolchain/risc-v embedded gcc/bin/../lib/gcc/riscv-none-embed/8.2.0/../../../../riscv-none-embed/lib/rv32imac/ilp32\libg_nano.a(lib_a-memchr.o)
 .data          0x0000000000000000        0x0 d:/mounriver/mounriver_studio/toolchain/risc-v embedded gcc/bin/../lib/gcc/riscv-none-embed/8.2.0/../../../../riscv-none-embed/lib/rv32imac/ilp32\libg_nano.a(lib_a-memchr.o)
 .bss           0x0000000000000000        0x0 d:/mounriver/mounriver_studio/toolchain/risc-v embedded gcc/bin/../lib/gcc/riscv-none-embed/8.2.0/../../../../riscv-none-embed/lib/rv32imac/ilp32\libg_nano.a(lib_a-memchr.o)
 .text          0x0000000000000000        0x0 d:/mounriver/mounriver_studio/toolchain/risc-v embedded gcc/bin/../lib/gcc/riscv-none-embed/8.2.0/../../../../riscv-none-embed/lib/rv32imac/ilp32\libg_nano.a(lib_a-memcpy.o)
 .data          0x0000000000000000        0x0 d:/mounriver/mounriver_studio/toolchain/risc-v embedded gcc/bin/../lib/gcc/riscv-none-embed/8.2.0/../../../../riscv-none-embed/lib/rv32imac/ilp32\libg_nano.a(lib_a-memcpy.o)
 .bss           0x0000000000000000        0x0 d:/mounriver/mounriver_studio/toolchain/risc-v embedded gcc/bin/../lib/gcc/riscv-none-embed/8.2.0/../../../../riscv-none-embed/lib/rv32imac/ilp32\libg_nano.a(lib_a-memcpy.o)
 .text          0x0000000000000000        0x0 d:/mounriver/mounriver_studio/toolchain/risc-v embedded gcc/bin/../lib/gcc/riscv-none-embed/8.2.0/../../../../riscv-none-embed/lib/rv32imac/ilp32\libg_nano.a(lib_a-memmove.o)
 .data          0x0000000000000000        0x0 d:/mounriver/mounriver_studio/toolchain/risc-v embedded gcc/bin/../lib/gcc/riscv-none-embed/8.2.0/../../../../riscv-none-embed/lib/rv32imac/ilp32\libg_nano.a(lib_a-memmove.o)
 .bss           0x0000000000000000        0x0 d:/mounriver/mounriver_studio/toolchain/risc-v embedded gcc/bin/../lib/gcc/riscv-none-embed/8.2.0/../../../../riscv-none-embed/lib/rv32imac/ilp32\libg_nano.a(lib_a-memmove.o)
 .text          0x0000000000000000        0x0 d:/mounriver/mounriver_studio/toolchain/risc-v embedded gcc/bin/../lib/gcc/riscv-none-embed/8.2.0/../../../../riscv-none-embed/lib/rv32imac/ilp32\libg_nano.a(lib_a-nano-freer.o)
 .data          0x0000000000000000        0x0 d:/mounriver/mounriver_studio/toolchain/risc-v embedded gcc/bin/../lib/gcc/riscv-none-embed/8.2.0/../../../../riscv-none-embed/lib/rv32imac/ilp32\libg_nano.a(lib_a-nano-freer.o)
 .bss           0x0000000000000000        0x0 d:/mounriver/mounriver_studio/toolchain/risc-v embedded gcc/bin/../lib/gcc/riscv-none-embed/8.2.0/../../../../riscv-none-embed/lib/rv32imac/ilp32\libg_nano.a(lib_a-nano-freer.o)
 .text          0x0000000000000000        0x0 d:/mounriver/mounriver_studio/toolchain/risc-v embedded gcc/bin/../lib/gcc/riscv-none-embed/8.2.0/../../../../riscv-none-embed/lib/rv32imac/ilp32\libg_nano.a(lib_a-nano-mallocr.o)
 .data          0x0000000000000000        0x0 d:/mounriver/mounriver_studio/toolchain/risc-v embedded gcc/bin/../lib/gcc/riscv-none-embed/8.2.0/../../../../riscv-none-embed/lib/rv32imac/ilp32\libg_nano.a(lib_a-nano-mallocr.o)
 .bss           0x0000000000000000        0x0 d:/mounriver/mounriver_studio/toolchain/risc-v embedded gcc/bin/../lib/gcc/riscv-none-embed/8.2.0/../../../../riscv-none-embed/lib/rv32imac/ilp32\libg_nano.a(lib_a-nano-mallocr.o)
 .text          0x0000000000000000        0x0 d:/mounriver/mounriver_studio/toolchain/risc-v embedded gcc/bin/../lib/gcc/riscv-none-embed/8.2.0/../../../../riscv-none-embed/lib/rv32imac/ilp32\libg_nano.a(lib_a-nano-reallocr.o)
 .data          0x0000000000000000        0x0 d:/mounriver/mounriver_studio/toolchain/risc-v embedded gcc/bin/../lib/gcc/riscv-none-embed/8.2.0/../../../../riscv-none-embed/lib/rv32imac/ilp32\libg_nano.a(lib_a-nano-reallocr.o)
 .bss           0x0000000000000000        0x0 d:/mounriver/mounriver_studio/toolchain/risc-v embedded gcc/bin/../lib/gcc/riscv-none-embed/8.2.0/../../../../riscv-none-embed/lib/rv32imac/ilp32\libg_nano.a(lib_a-nano-reallocr.o)
 .text          0x0000000000000000        0x0 d:/mounriver/mounriver_studio/toolchain/risc-v embedded gcc/bin/../lib/gcc/riscv-none-embed/8.2.0/../../../../riscv-none-embed/lib/rv32imac/ilp32\libg_nano.a(lib_a-sbrkr.o)
 .data          0x0000000000000000        0x0 d:/mounriver/mounriver_studio/toolchain/risc-v embedded gcc/bin/../lib/gcc/riscv-none-embed/8.2.0/../../../../riscv-none-embed/lib/rv32imac/ilp32\libg_nano.a(lib_a-sbrkr.o)
 .bss           0x0000000000000000        0x0 d:/mounriver/mounriver_studio/toolchain/risc-v embedded gcc/bin/../lib/gcc/riscv-none-embed/8.2.0/../../../../riscv-none-embed/lib/rv32imac/ilp32\libg_nano.a(lib_a-sbrkr.o)
 .text          0x0000000000000000        0x0 d:/mounriver/mounriver_studio/toolchain/risc-v embedded gcc/bin/../lib/gcc/riscv-none-embed/8.2.0/../../../../riscv-none-embed/lib/rv32imac/ilp32\libg_nano.a(lib_a-mlock.o)
 .data          0x0000000000000000        0x0 d:/mounriver/mounriver_studio/toolchain/risc-v embedded gcc/bin/../lib/gcc/riscv-none-embed/8.2.0/../../../../riscv-none-embed/lib/rv32imac/ilp32\libg_nano.a(lib_a-mlock.o)
 .bss           0x0000000000000000        0x0 d:/mounriver/mounriver_studio/toolchain/risc-v embedded gcc/bin/../lib/gcc/riscv-none-embed/8.2.0/../../../../riscv-none-embed/lib/rv32imac/ilp32\libg_nano.a(lib_a-mlock.o)
 .text          0x0000000000000000        0x0 d:/mounriver/mounriver_studio/toolchain/risc-v embedded gcc/bin/../lib/gcc/riscv-none-embed/8.2.0/../../../../riscv-none-embed/lib/rv32imac/ilp32\libg_nano.a(lib_a-nano-msizer.o)
 .data          0x0000000000000000        0x0 d:/mounriver/mounriver_studio/toolchain/risc-v embedded gcc/bin/../lib/gcc/riscv-none-embed/8.2.0/../../../../riscv-none-embed/lib/rv32imac/ilp32\libg_nano.a(lib_a-nano-msizer.o)
 .bss           0x0000000000000000        0x0 d:/mounriver/mounriver_studio/toolchain/risc-v embedded gcc/bin/../lib/gcc/riscv-none-embed/8.2.0/../../../../riscv-none-embed/lib/rv32imac/ilp32\libg_nano.a(lib_a-nano-msizer.o)
 .text          0x0000000000000000        0x0 d:/mounriver/mounriver_studio/toolchain/risc-v embedded gcc/bin/../lib/gcc/riscv-none-embed/8.2.0/../../../../riscv-none-embed/lib/rv32imac/ilp32\libg_nano.a(lib_a-reent.o)
 .data          0x0000000000000000        0x0 d:/mounriver/mounriver_studio/toolchain/risc-v embedded gcc/bin/../lib/gcc/riscv-none-embed/8.2.0/../../../../riscv-none-embed/lib/rv32imac/ilp32\libg_nano.a(lib_a-reent.o)
 .bss           0x0000000000000000        0x0 d:/mounriver/mounriver_studio/toolchain/risc-v embedded gcc/bin/../lib/gcc/riscv-none-embed/8.2.0/../../../../riscv-none-embed/lib/rv32imac/ilp32\libg_nano.a(lib_a-reent.o)
 .text.cleanup_glue
                0x0000000000000000       0x2c d:/mounriver/mounriver_studio/toolchain/risc-v embedded gcc/bin/../lib/gcc/riscv-none-embed/8.2.0/../../../../riscv-none-embed/lib/rv32imac/ilp32\libg_nano.a(lib_a-reent.o)
 .text._reclaim_reent
                0x0000000000000000      0x10c d:/mounriver/mounriver_studio/toolchain/risc-v embedded gcc/bin/../lib/gcc/riscv-none-embed/8.2.0/../../../../riscv-none-embed/lib/rv32imac/ilp32\libg_nano.a(lib_a-reent.o)
 .text          0x0000000000000000        0x0 d:/mounriver/mounriver_studio/toolchain/risc-v embedded gcc/bin/../lib/gcc/riscv-none-embed/8.2.0/../../../../riscv-none-embed/lib/rv32imac/ilp32\libnosys.a(sbrk.o)
 .data          0x0000000000000000        0x0 d:/mounriver/mounriver_studio/toolchain/risc-v embedded gcc/bin/../lib/gcc/riscv-none-embed/8.2.0/../../../../riscv-none-embed/lib/rv32imac/ilp32\libnosys.a(sbrk.o)
 .bss           0x0000000000000000        0x0 d:/mounriver/mounriver_studio/toolchain/risc-v embedded gcc/bin/../lib/gcc/riscv-none-embed/8.2.0/../../../../riscv-none-embed/lib/rv32imac/ilp32\libnosys.a(sbrk.o)

Memory Configuration

Name             Origin             Length             Attributes
FLASH            0x0000000000000000 0x0000000000070000 xr
RAM              0x0000000020003800 0x0000000000004800 xrw
*default*        0x0000000000000000 0xffffffffffffffff

Linker script and memory map

LOAD ./src/Main.o
LOAD ./src/uart.o
LOAD ./StdPeriphDriver/CH57x_adc.o
LOAD ./StdPeriphDriver/CH57x_clk.o
LOAD ./StdPeriphDriver/CH57x_flash.o
LOAD ./StdPeriphDriver/CH57x_gpio.o
LOAD ./StdPeriphDriver/CH57x_pwr.o
LOAD ./StdPeriphDriver/CH57x_sys.o
LOAD ./StdPeriphDriver/CH57x_uart0.o
LOAD ./StdPeriphDriver/CH57x_uart1.o
LOAD ./Startup/startup_CH573.o
LOAD ./RVMSIS/core_riscv.o
LOAD F:\文档\串口助手\评估版本\EVT\EXAM\SRC\StdPeriphDriver\libISP573.a
LOAD d:/mounriver/mounriver_studio/toolchain/risc-v embedded gcc/bin/../lib/gcc/riscv-none-embed/8.2.0/rv32imac/ilp32\libgcc.a
LOAD d:/mounriver/mounriver_studio/toolchain/risc-v embedded gcc/bin/../lib/gcc/riscv-none-embed/8.2.0/../../../../riscv-none-embed/lib/rv32imac/ilp32\libg_nano.a
LOAD d:/mounriver/mounriver_studio/toolchain/risc-v embedded gcc/bin/../lib/gcc/riscv-none-embed/8.2.0/../../../../riscv-none-embed/lib/rv32imac/ilp32\libc_nano.a
LOAD d:/mounriver/mounriver_studio/toolchain/risc-v embedded gcc/bin/../lib/gcc/riscv-none-embed/8.2.0/rv32imac/ilp32\libgcc.a
START GROUP
LOAD d:/mounriver/mounriver_studio/toolchain/risc-v embedded gcc/bin/../lib/gcc/riscv-none-embed/8.2.0/rv32imac/ilp32\libgcc.a
LOAD d:/mounriver/mounriver_studio/toolchain/risc-v embedded gcc/bin/../lib/gcc/riscv-none-embed/8.2.0/../../../../riscv-none-embed/lib/rv32imac/ilp32\libc_nano.a
LOAD d:/mounriver/mounriver_studio/toolchain/risc-v embedded gcc/bin/../lib/gcc/riscv-none-embed/8.2.0/../../../../riscv-none-embed/lib/rv32imac/ilp32\libnosys.a
END GROUP
START GROUP
LOAD d:/mounriver/mounriver_studio/toolchain/risc-v embedded gcc/bin/../lib/gcc/riscv-none-embed/8.2.0/rv32imac/ilp32\libgcc.a
LOAD d:/mounriver/mounriver_studio/toolchain/risc-v embedded gcc/bin/../lib/gcc/riscv-none-embed/8.2.0/../../../../riscv-none-embed/lib/rv32imac/ilp32\libc_nano.a
LOAD d:/mounriver/mounriver_studio/toolchain/risc-v embedded gcc/bin/../lib/gcc/riscv-none-embed/8.2.0/../../../../riscv-none-embed/lib/rv32imac/ilp32\libnosys.a
END GROUP

.init           0x0000000000000000        0x4
                0x0000000000000000                _sinit = .
                0x0000000000000000                . = ALIGN (0x4)
 *(SORT_NONE(.init))
 .init          0x0000000000000000        0x4 ./Startup/startup_CH573.o
                0x0000000000000000                _start
                0x0000000000000004                . = ALIGN (0x4)
                0x0000000000000004                _einit = .

.highcodelalign
                0x0000000000000004        0x0
                0x0000000000000004                . = ALIGN (0x4)
                0x0000000000000004                PROVIDE (_highcode_lma = .)

.highcode       0x0000000020003800      0x718 load address 0x0000000000000004
                0x0000000020003800                . = ALIGN (0x4)
                0x0000000020003800                PROVIDE (_highcode_vma_start = .)
 *(.vector)
 .vector        0x0000000020003800       0x90 ./Startup/startup_CH573.o
 *(SORT_NONE(.vector_handler))
 .vector_handler
                0x0000000020003890       0x2c ./Startup/startup_CH573.o
                0x0000000020003890                NMI_Handler
                0x0000000020003894                SysTick_Handler
                0x0000000020003896                SW_Handler
                0x0000000020003898                TMR0_IRQHandler
                0x000000002000389a                GPIOA_IRQHandler
                0x000000002000389c                GPIOB_IRQHandler
                0x000000002000389e                SPI0_IRQHandler
                0x00000000200038a0                BB_IRQHandler
                0x00000000200038a2                LLE_IRQHandler
                0x00000000200038a4                USB_IRQHandler
                0x00000000200038a6                TMR1_IRQHandler
                0x00000000200038a8                TMR2_IRQHandler
                0x00000000200038aa                UART0_IRQHandler
                0x00000000200038ae                RTC_IRQHandler
                0x00000000200038b0                ADC_IRQHandler
                0x00000000200038b2                PWMX_IRQHandler
                0x00000000200038b4                TMR3_IRQHandler
                0x00000000200038b6                UART2_IRQHandler
                0x00000000200038b8                UART3_IRQHandler
                0x00000000200038ba                WDOG_BAT_IRQHandler
 *(.highcode)
 .highcode      0x00000000200038bc       0xce ./src/uart.o
                0x00000000200038bc                UART1_IRQHandler
 .highcode      0x000000002000398a      0x1a0 ./StdPeriphDriver/CH57x_sys.o
                0x000000002000398a                SetSysClock
                0x0000000020003a86                SYS_ResetExecute
                0x0000000020003abe                HardFault_Handler
                0x0000000020003af4                mDelayuS
                0x0000000020003b02                mDelaymS
 .highcode      0x0000000020003b2a      0x3ee F:\文档\串口助手\评估版本\EVT\EXAM\SRC\StdPeriphDriver\libISP573.a(ISP573.o)
                0x0000000020003b2a                FLASH_ROM_BEG
                0x0000000020003b3c                FLASH_ROM_END
                0x0000000020003b4a                FLASH_ROM_IN
                0x0000000020003b58                FLASH_ROM_OUT
                0x0000000020003b66                FLASH_ROM_ADDR
                0x0000000020003bae                FLASH_ROM_WAIT
                0x0000000020003be6                FLASH_EEPROM_CMD
 *(.highcode.*)
                0x0000000020003f18                . = ALIGN (0x4)
                0x0000000020003f18                PROVIDE (_highcode_vma_end = .)

.text           0x000000000000071c      0xe14
                0x000000000000071c                . = ALIGN (0x4)
 *(SORT_NONE(.handle_reset))
 .handle_reset  0x000000000000071c       0x9e ./Startup/startup_CH573.o
                0x000000000000071c                handle_reset
 *(.text)
 *(.text.*)
 .text.startup.main
                0x00000000000007ba       0x2a ./src/Main.o
                0x00000000000007ba                main
 .text.UART1_Init
                0x00000000000007e4       0x2a ./src/uart.o
                0x00000000000007e4                UART1_Init
 .text.UART1_SendMessage
                0x000000000000080e       0x1a ./src/uart.o
                0x000000000000080e                UART1_SendMessage
 .text.UART1_SetTxBuff
                0x0000000000000828        0x2 ./src/uart.o
                0x0000000000000828                UART1_SetTxBuff
 .text.UART1_InterruptConfig
                0x000000000000082a       0x20 ./src/uart.o
                0x000000000000082a                UART1_InterruptConfig
 .text.GPIOA_ModeCfg
                0x000000000000084a       0xa6 ./StdPeriphDriver/CH57x_gpio.o
                0x000000000000084a                GPIOA_ModeCfg
 .text.GetSysClock
                0x00000000000008f0       0x42 ./StdPeriphDriver/CH57x_sys.o
                0x00000000000008f0                GetSysClock
 .text.UART1_BaudRateCfg
                0x0000000000000932       0x30 ./StdPeriphDriver/CH57x_uart1.o
                0x0000000000000932                UART1_BaudRateCfg
 .text.UART1_DefInit
                0x0000000000000962       0x32 ./StdPeriphDriver/CH57x_uart1.o
                0x0000000000000962                UART1_DefInit
 .text.UART1_ByteTrigCfg
                0x0000000000000994       0x1a ./StdPeriphDriver/CH57x_uart1.o
                0x0000000000000994                UART1_ByteTrigCfg
 .text.UART1_INTCfg
                0x00000000000009ae       0x2a ./StdPeriphDriver/CH57x_uart1.o
                0x00000000000009ae                UART1_INTCfg
 .text.UART1_SendString
                0x00000000000009d8       0x28 ./StdPeriphDriver/CH57x_uart1.o
                0x00000000000009d8                UART1_SendString
 .text.snprintf
                0x0000000000000a00       0x72 d:/mounriver/mounriver_studio/toolchain/risc-v embedded gcc/bin/../lib/gcc/riscv-none-embed/8.2.0/../../../../riscv-none-embed/lib/rv32imac/ilp32\libg_nano.a(lib_a-snprintf.o)
                0x0000000000000a00                sniprintf
                0x0000000000000a00                snprintf
 .text.strlen   0x0000000000000a72       0x12 d:/mounriver/mounriver_studio/toolchain/risc-v embedded gcc/bin/../lib/gcc/riscv-none-embed/8.2.0/../../../../riscv-none-embed/lib/rv32imac/ilp32\libg_nano.a(lib_a-strlen.o)
                0x0000000000000a72                strlen
 .text.__ssputs_r
                0x0000000000000a84       0xe8 d:/mounriver/mounriver_studio/toolchain/risc-v embedded gcc/bin/../lib/gcc/riscv-none-embed/8.2.0/../../../../riscv-none-embed/lib/rv32imac/ilp32\libg_nano.a(lib_a-nano-svfprintf.o)
                0x0000000000000a84                __ssputs_r
 .text._svfprintf_r
                0x0000000000000b6c      0x276 d:/mounriver/mounriver_studio/toolchain/risc-v embedded gcc/bin/../lib/gcc/riscv-none-embed/8.2.0/../../../../riscv-none-embed/lib/rv32imac/ilp32\libg_nano.a(lib_a-nano-svfprintf.o)
                0x0000000000000b6c                _svfiprintf_r
                0x0000000000000b6c                _svfprintf_r
 .text._printf_common
                0x0000000000000de2      0x10c d:/mounriver/mounriver_studio/toolchain/risc-v embedded gcc/bin/../lib/gcc/riscv-none-embed/8.2.0/../../../../riscv-none-embed/lib/rv32imac/ilp32\libg_nano.a(lib_a-nano-vfprintf_i.o)
                0x0000000000000de2                _printf_common
 .text._printf_i
                0x0000000000000eee      0x2a8 d:/mounriver/mounriver_studio/toolchain/risc-v embedded gcc/bin/../lib/gcc/riscv-none-embed/8.2.0/../../../../riscv-none-embed/lib/rv32imac/ilp32\libg_nano.a(lib_a-nano-vfprintf_i.o)
                0x0000000000000eee                _printf_i
 .text.memchr   0x0000000000001196       0x1a d:/mounriver/mounriver_studio/toolchain/risc-v embedded gcc/bin/../lib/gcc/riscv-none-embed/8.2.0/../../../../riscv-none-embed/lib/rv32imac/ilp32\libg_nano.a(lib_a-memchr.o)
                0x0000000000001196                memchr
 .text.memcpy   0x00000000000011b0       0xb6 d:/mounriver/mounriver_studio/toolchain/risc-v embedded gcc/bin/../lib/gcc/riscv-none-embed/8.2.0/../../../../riscv-none-embed/lib/rv32imac/ilp32\libg_nano.a(lib_a-memcpy.o)
                0x00000000000011b0                memcpy
 .text.memmove  0x0000000000001266       0x4a d:/mounriver/mounriver_studio/toolchain/risc-v embedded gcc/bin/../lib/gcc/riscv-none-embed/8.2.0/../../../../riscv-none-embed/lib/rv32imac/ilp32\libg_nano.a(lib_a-memmove.o)
                0x0000000000001266                memmove
 .text._free_r  0x00000000000012b0       0xa4 d:/mounriver/mounriver_studio/toolchain/risc-v embedded gcc/bin/../lib/gcc/riscv-none-embed/8.2.0/../../../../riscv-none-embed/lib/rv32imac/ilp32\libg_nano.a(lib_a-nano-freer.o)
                0x00000000000012b0                _free_r
 .text._malloc_r
                0x0000000000001354       0xce d:/mounriver/mounriver_studio/toolchain/risc-v embedded gcc/bin/../lib/gcc/riscv-none-embed/8.2.0/../../../../riscv-none-embed/lib/rv32imac/ilp32\libg_nano.a(lib_a-nano-mallocr.o)
                0x0000000000001354                _malloc_r
 .text._realloc_r
                0x0000000000001422       0x4e d:/mounriver/mounriver_studio/toolchain/risc-v embedded gcc/bin/../lib/gcc/riscv-none-embed/8.2.0/../../../../riscv-none-embed/lib/rv32imac/ilp32\libg_nano.a(lib_a-nano-reallocr.o)
                0x0000000000001422                _realloc_r
 .text._sbrk_r  0x0000000000001470       0x28 d:/mounriver/mounriver_studio/toolchain/risc-v embedded gcc/bin/../lib/gcc/riscv-none-embed/8.2.0/../../../../riscv-none-embed/lib/rv32imac/ilp32\libg_nano.a(lib_a-sbrkr.o)
                0x0000000000001470                _sbrk_r
 .text.__malloc_lock
                0x0000000000001498        0x2 d:/mounriver/mounriver_studio/toolchain/risc-v embedded gcc/bin/../lib/gcc/riscv-none-embed/8.2.0/../../../../riscv-none-embed/lib/rv32imac/ilp32\libg_nano.a(lib_a-mlock.o)
                0x0000000000001498                __malloc_lock
 .text.__malloc_unlock
                0x000000000000149a        0x2 d:/mounriver/mounriver_studio/toolchain/risc-v embedded gcc/bin/../lib/gcc/riscv-none-embed/8.2.0/../../../../riscv-none-embed/lib/rv32imac/ilp32\libg_nano.a(lib_a-mlock.o)
                0x000000000000149a                __malloc_unlock
 .text._malloc_usable_size_r
                0x000000000000149c       0x14 d:/mounriver/mounriver_studio/toolchain/risc-v embedded gcc/bin/../lib/gcc/riscv-none-embed/8.2.0/../../../../riscv-none-embed/lib/rv32imac/ilp32\libg_nano.a(lib_a-nano-msizer.o)
                0x000000000000149c                _malloc_usable_size_r
 .text._sbrk    0x00000000000014b0       0x20 d:/mounriver/mounriver_studio/toolchain/risc-v embedded gcc/bin/../lib/gcc/riscv-none-embed/8.2.0/../../../../riscv-none-embed/lib/rv32imac/ilp32\libnosys.a(sbrk.o)
                0x00000000000014b0                _sbrk
 *(.rodata)
 *(.rodata*)
 .rodata.str1.4
                0x00000000000014d0        0xf ./src/uart.o
 *fill*         0x00000000000014df        0x1 
 .rodata.GPIOA_ModeCfg
                0x00000000000014e0       0x14 ./StdPeriphDriver/CH57x_gpio.o
 .rodata._svfprintf_r.str1.4
                0x00000000000014f4       0x13 d:/mounriver/mounriver_studio/toolchain/risc-v embedded gcc/bin/../lib/gcc/riscv-none-embed/8.2.0/../../../../riscv-none-embed/lib/rv32imac/ilp32\libg_nano.a(lib_a-nano-svfprintf.o)
 *fill*         0x0000000000001507        0x1 
 .rodata._printf_i.str1.4
                0x0000000000001508       0x28 d:/mounriver/mounriver_studio/toolchain/risc-v embedded gcc/bin/../lib/gcc/riscv-none-embed/8.2.0/../../../../riscv-none-embed/lib/rv32imac/ilp32\libg_nano.a(lib_a-nano-vfprintf_i.o)
                                         0x25 (size before relaxing)
 *(.sdata2.*)
 *(.glue_7)
 *(.glue_7t)
 *(.gnu.linkonce.t.*)
                0x0000000000001530                . = ALIGN (0x4)

.rela.dyn       0x0000000000001530        0x0
 .rela.init     0x0000000000001530        0x0 ./src/Main.o
 .rela.vector   0x0000000000001530        0x0 ./src/Main.o
 .rela.handle_reset
                0x0000000000001530        0x0 ./src/Main.o
 .rela.data.impure_data
                0x0000000000001530        0x0 ./src/Main.o
 .rela.text._svfprintf_r
                0x0000000000001530        0x0 ./src/Main.o
 .rela.text._sbrk_r
                0x0000000000001530        0x0 ./src/Main.o
 .rela.text._sbrk
                0x0000000000001530        0x0 ./src/Main.o

.fini           0x0000000000001530        0x0
 *(SORT_NONE(.fini))
                0x0000000000001530                . = ALIGN (0x4)
                [!provide]                        PROVIDE (_etext = .)
                [!provide]                        PROVIDE (_eitcm = .)

.preinit_array  0x0000000000001530        0x0
                [!provide]                        PROVIDE (__preinit_array_start = .)
 *(.preinit_array)
                [!provide]                        PROVIDE (__preinit_array_end = .)

.init_array     0x0000000000001530        0x0
                [!provide]                        PROVIDE (__init_array_start = .)
 *(SORT_BY_INIT_PRIORITY(.init_array.*) SORT_BY_INIT_PRIORITY(.ctors.*))
 *(.init_array EXCLUDE_FILE(*crtend?.o *crtend.o *crtbegin?.o *crtbegin.o) .ctors)
                [!provide]                        PROVIDE (__init_array_end = .)

.fini_array     0x0000000000001530        0x0
                [!provide]                        PROVIDE (__fini_array_start = .)
 *(SORT_BY_INIT_PRIORITY(.fini_array.*) SORT_BY_INIT_PRIORITY(.dtors.*))
 *(.fini_array EXCLUDE_FILE(*crtend?.o *crtend.o *crtbegin?.o *crtbegin.o) .dtors)
                [!provide]                        PROVIDE (__fini_array_end = .)

.ctors
 *crtbegin.o(.ctors)
 *crtbegin?.o(.ctors)
 *(EXCLUDE_FILE(*crtend?.o *crtend.o) .ctors)
 *(SORT_BY_NAME(.ctors.*))
 *(.ctors)

.dtors
 *crtbegin.o(.dtors)
 *crtbegin?.o(.dtors)
 *(EXCLUDE_FILE(*crtend?.o *crtend.o) .dtors)
 *(SORT_BY_NAME(.dtors.*))
 *(.dtors)

.dalign         0x0000000020003f18       0xe8 load address 0x0000000000001530
                0x0000000020004000                . = (ORIGIN (RAM) + MAX (0x800, SIZEOF (.highcode)))
 *fill*         0x0000000020003f18       0xe8 

.dlalign        0x0000000000001530        0x0
                0x0000000000001530                . = ALIGN (0x4)
                0x0000000000001530                PROVIDE (_data_lma = .)

.data           0x0000000020004000       0x80 load address 0x0000000000001530
                0x0000000020004000                . = ALIGN (0x4)
                0x0000000020004000                PROVIDE (_data_vma = .)
 *(.gnu.linkonce.r.*)
 *(.data .data.*)
 .data.InitialTxBuff
                0x0000000020004000       0x14 ./src/Main.o
                0x0000000020004000                InitialTxBuff
 .data.impure_data
                0x0000000020004014       0x60 d:/mounriver/mounriver_studio/toolchain/risc-v embedded gcc/bin/../lib/gcc/riscv-none-embed/8.2.0/../../../../riscv-none-embed/lib/rv32imac/ilp32\libg_nano.a(lib_a-impure.o)
 *(.gnu.linkonce.d.*)
                0x0000000020004078                . = ALIGN (0x8)
 *fill*         0x0000000020004074        0x4 
                0x0000000020004878                PROVIDE (__global_pointer$ = (. + 0x800))
 *(.sdata .sdata.*)
 .sdata._impure_ptr
                0x0000000020004078        0x4 d:/mounriver/mounriver_studio/toolchain/risc-v embedded gcc/bin/../lib/gcc/riscv-none-embed/8.2.0/../../../../riscv-none-embed/lib/rv32imac/ilp32\libg_nano.a(lib_a-impure.o)
                0x0000000020004078                _impure_ptr
 *(.gnu.linkonce.s.*)
                0x0000000020004080                . = ALIGN (0x8)
 *fill*         0x000000002000407c        0x4 
 *(.srodata.cst16)
 *(.srodata.cst8)
 *(.srodata.cst4)
 *(.srodata.cst2)
 *(.srodata .srodata.*)
                0x0000000020004080                . = ALIGN (0x4)
                0x0000000020004080                PROVIDE (_edata = .)

.bss            0x0000000020004080       0x78 load address 0x00000000000015b0
                0x0000000020004080                . = ALIGN (0x4)
                0x0000000020004080                PROVIDE (_sbss = .)
 *(.sbss*)
 .sbss.RxIndex  0x0000000020004080        0x1 ./src/uart.o
 *fill*         0x0000000020004081        0x3 
 .sbss.__malloc_free_list
                0x0000000020004084        0x4 d:/mounriver/mounriver_studio/toolchain/risc-v embedded gcc/bin/../lib/gcc/riscv-none-embed/8.2.0/../../../../riscv-none-embed/lib/rv32imac/ilp32\libg_nano.a(lib_a-nano-mallocr.o)
                0x0000000020004084                __malloc_free_list
 .sbss.__malloc_sbrk_start
                0x0000000020004088        0x4 d:/mounriver/mounriver_studio/toolchain/risc-v embedded gcc/bin/../lib/gcc/riscv-none-embed/8.2.0/../../../../riscv-none-embed/lib/rv32imac/ilp32\libg_nano.a(lib_a-nano-mallocr.o)
                0x0000000020004088                __malloc_sbrk_start
 .sbss.heap_end.1518
                0x000000002000408c        0x4 d:/mounriver/mounriver_studio/toolchain/risc-v embedded gcc/bin/../lib/gcc/riscv-none-embed/8.2.0/../../../../riscv-none-embed/lib/rv32imac/ilp32\libnosys.a(sbrk.o)
 *(.gnu.linkonce.sb.*)
 *(.bss*)
 .bss.RxBuff    0x0000000020004090       0x64 ./src/uart.o
 *(.gnu.linkonce.b.*)
 *(COMMON*)
 COMMON         0x00000000200040f4        0x4 d:/mounriver/mounriver_studio/toolchain/risc-v embedded gcc/bin/../lib/gcc/riscv-none-embed/8.2.0/../../../../riscv-none-embed/lib/rv32imac/ilp32\libg_nano.a(lib_a-reent.o)
                0x00000000200040f4                errno
                0x00000000200040f8                . = ALIGN (0x4)
                0x00000000200040f8                PROVIDE (_ebss = .)
                [!provide]                        PROVIDE (_end = _ebss)
                0x00000000200040f8                PROVIDE (end = .)

.stack          0x0000000020008000        0x0
                0x0000000020008000                . = ALIGN (0x4)
                0x0000000020008000                PROVIDE (_eusrstack = .)
OUTPUT(UART1.elf elf32-littleriscv)

.debug_info     0x0000000000000000     0x4b3b
 .debug_info    0x0000000000000000      0xcc7 ./src/Main.o
 .debug_info    0x0000000000000cc7     0x115c ./src/uart.o
 .debug_info    0x0000000000001e23      0xdae ./StdPeriphDriver/CH57x_gpio.o
 .debug_info    0x0000000000002bd1     0x11c2 ./StdPeriphDriver/CH57x_sys.o
 .debug_info    0x0000000000003d93      0xd86 ./StdPeriphDriver/CH57x_uart1.o
 .debug_info    0x0000000000004b19       0x22 ./Startup/startup_CH573.o

.debug_abbrev   0x0000000000000000      0xddd
 .debug_abbrev  0x0000000000000000      0x23e ./src/Main.o
 .debug_abbrev  0x000000000000023e      0x324 ./src/uart.o
 .debug_abbrev  0x0000000000000562      0x268 ./StdPeriphDriver/CH57x_gpio.o
 .debug_abbrev  0x00000000000007ca      0x357 ./StdPeriphDriver/CH57x_sys.o
 .debug_abbrev  0x0000000000000b21      0x2aa ./StdPeriphDriver/CH57x_uart1.o
 .debug_abbrev  0x0000000000000dcb       0x12 ./Startup/startup_CH573.o

.debug_aranges  0x0000000000000000      0x1b8
 .debug_aranges
                0x0000000000000000       0x20 ./src/Main.o
 .debug_aranges
                0x0000000000000020       0x40 ./src/uart.o
 .debug_aranges
                0x0000000000000060       0x48 ./StdPeriphDriver/CH57x_gpio.o
 .debug_aranges
                0x00000000000000a8       0x88 ./StdPeriphDriver/CH57x_sys.o
 .debug_aranges
                0x0000000000000130       0x50 ./StdPeriphDriver/CH57x_uart1.o
 .debug_aranges
                0x0000000000000180       0x38 ./Startup/startup_CH573.o

.debug_ranges   0x0000000000000000      0x1a8
 .debug_ranges  0x0000000000000000       0x10 ./src/Main.o
 .debug_ranges  0x0000000000000010       0x78 ./src/uart.o
 .debug_ranges  0x0000000000000088       0x38 ./StdPeriphDriver/CH57x_gpio.o
 .debug_ranges  0x00000000000000c0       0x78 ./StdPeriphDriver/CH57x_sys.o
 .debug_ranges  0x0000000000000138       0x40 ./StdPeriphDriver/CH57x_uart1.o
 .debug_ranges  0x0000000000000178       0x30 ./Startup/startup_CH573.o

.debug_line     0x0000000000000000     0x235a
 .debug_line    0x0000000000000000      0x2c2 ./src/Main.o
 .debug_line    0x00000000000002c2      0x53d ./src/uart.o
 .debug_line    0x00000000000007ff      0x77f ./StdPeriphDriver/CH57x_gpio.o
 .debug_line    0x0000000000000f7e      0xbb7 ./StdPeriphDriver/CH57x_sys.o
 .debug_line    0x0000000000001b35      0x5c2 ./StdPeriphDriver/CH57x_uart1.o
 .debug_line    0x00000000000020f7      0x263 ./Startup/startup_CH573.o

.debug_str      0x0000000000000000      0xf38
 .debug_str     0x0000000000000000      0x86b ./src/Main.o
                                        0x8e1 (size before relaxing)
 .debug_str     0x000000000000086b      0x32a ./src/uart.o
                                        0xab0 (size before relaxing)
 .debug_str     0x0000000000000b95      0x124 ./StdPeriphDriver/CH57x_gpio.o
                                        0x8e8 (size before relaxing)
 .debug_str     0x0000000000000cb9      0x1a3 ./StdPeriphDriver/CH57x_sys.o
                                        0xb1e (size before relaxing)
 .debug_str     0x0000000000000e5c       0x91 ./StdPeriphDriver/CH57x_uart1.o
                                        0x88d (size before relaxing)
 .debug_str     0x0000000000000eed       0x4b ./Startup/startup_CH573.o
                                         0x78 (size before relaxing)

.comment        0x0000000000000000       0x33
 .comment       0x0000000000000000       0x33 ./src/Main.o
                                         0x34 (size before relaxing)
 .comment       0x0000000000000033       0x34 ./src/uart.o
 .comment       0x0000000000000033       0x34 ./StdPeriphDriver/CH57x_gpio.o
 .comment       0x0000000000000033       0x34 ./StdPeriphDriver/CH57x_sys.o
 .comment       0x0000000000000033       0x34 ./StdPeriphDriver/CH57x_uart1.o
 .comment       0x0000000000000033       0x34 F:\文档\串口助手\评估版本\EVT\EXAM\SRC\StdPeriphDriver\libISP573.a(ISP573.o)

.debug_frame    0x0000000000000000      0x730
 .debug_frame   0x0000000000000000       0x28 ./src/Main.o
 .debug_frame   0x0000000000000028       0xcc ./src/uart.o
 .debug_frame   0x00000000000000f4       0x70 ./StdPeriphDriver/CH57x_gpio.o
 .debug_frame   0x0000000000000164      0x114 ./StdPeriphDriver/CH57x_sys.o
 .debug_frame   0x0000000000000278       0x9c ./StdPeriphDriver/CH57x_uart1.o
 .debug_frame   0x0000000000000314       0x60 d:/mounriver/mounriver_studio/toolchain/risc-v embedded gcc/bin/../lib/gcc/riscv-none-embed/8.2.0/../../../../riscv-none-embed/lib/rv32imac/ilp32\libg_nano.a(lib_a-snprintf.o)
 .debug_frame   0x0000000000000374       0x20 d:/mounriver/mounriver_studio/toolchain/risc-v embedded gcc/bin/../lib/gcc/riscv-none-embed/8.2.0/../../../../riscv-none-embed/lib/rv32imac/ilp32\libg_nano.a(lib_a-strlen.o)
 .debug_frame   0x0000000000000394       0xe0 d:/mounriver/mounriver_studio/toolchain/risc-v embedded gcc/bin/../lib/gcc/riscv-none-embed/8.2.0/../../../../riscv-none-embed/lib/rv32imac/ilp32\libg_nano.a(lib_a-nano-svfprintf.o)
 .debug_frame   0x0000000000000474       0x8c d:/mounriver/mounriver_studio/toolchain/risc-v embedded gcc/bin/../lib/gcc/riscv-none-embed/8.2.0/../../../../riscv-none-embed/lib/rv32imac/ilp32\libg_nano.a(lib_a-nano-vfprintf_i.o)
 .debug_frame   0x0000000000000500       0x20 d:/mounriver/mounriver_studio/toolchain/risc-v embedded gcc/bin/../lib/gcc/riscv-none-embed/8.2.0/../../../../riscv-none-embed/lib/rv32imac/ilp32\libg_nano.a(lib_a-memchr.o)
 .debug_frame   0x0000000000000520       0x20 d:/mounriver/mounriver_studio/toolchain/risc-v embedded gcc/bin/../lib/gcc/riscv-none-embed/8.2.0/../../../../riscv-none-embed/lib/rv32imac/ilp32\libg_nano.a(lib_a-memcpy.o)
 .debug_frame   0x0000000000000540       0x20 d:/mounriver/mounriver_studio/toolchain/risc-v embedded gcc/bin/../lib/gcc/riscv-none-embed/8.2.0/../../../../riscv-none-embed/lib/rv32imac/ilp32\libg_nano.a(lib_a-memmove.o)
 .debug_frame   0x0000000000000560       0x40 d:/mounriver/mounriver_studio/toolchain/risc-v embedded gcc/bin/../lib/gcc/riscv-none-embed/8.2.0/../../../../riscv-none-embed/lib/rv32imac/ilp32\libg_nano.a(lib_a-nano-freer.o)
 .debug_frame   0x00000000000005a0       0x40 d:/mounriver/mounriver_studio/toolchain/risc-v embedded gcc/bin/../lib/gcc/riscv-none-embed/8.2.0/../../../../riscv-none-embed/lib/rv32imac/ilp32\libg_nano.a(lib_a-nano-mallocr.o)
 .debug_frame   0x00000000000005e0       0x40 d:/mounriver/mounriver_studio/toolchain/risc-v embedded gcc/bin/../lib/gcc/riscv-none-embed/8.2.0/../../../../riscv-none-embed/lib/rv32imac/ilp32\libg_nano.a(lib_a-nano-reallocr.o)
 .debug_frame   0x0000000000000620       0x30 d:/mounriver/mounriver_studio/toolchain/risc-v embedded gcc/bin/../lib/gcc/riscv-none-embed/8.2.0/../../../../riscv-none-embed/lib/rv32imac/ilp32\libg_nano.a(lib_a-sbrkr.o)
 .debug_frame   0x0000000000000650       0x30 d:/mounriver/mounriver_studio/toolchain/risc-v embedded gcc/bin/../lib/gcc/riscv-none-embed/8.2.0/../../../../riscv-none-embed/lib/rv32imac/ilp32\libg_nano.a(lib_a-mlock.o)
 .debug_frame   0x0000000000000680       0x20 d:/mounriver/mounriver_studio/toolchain/risc-v embedded gcc/bin/../lib/gcc/riscv-none-embed/8.2.0/../../../../riscv-none-embed/lib/rv32imac/ilp32\libg_nano.a(lib_a-nano-msizer.o)
 .debug_frame   0x00000000000006a0       0x70 d:/mounriver/mounriver_studio/toolchain/risc-v embedded gcc/bin/../lib/gcc/riscv-none-embed/8.2.0/../../../../riscv-none-embed/lib/rv32imac/ilp32\libg_nano.a(lib_a-reent.o)
 .debug_frame   0x0000000000000710       0x20 d:/mounriver/mounriver_studio/toolchain/risc-v embedded gcc/bin/../lib/gcc/riscv-none-embed/8.2.0/../../../../riscv-none-embed/lib/rv32imac/ilp32\libnosys.a(sbrk.o)

.debug_loc      0x0000000000000000      0x81f
 .debug_loc     0x0000000000000000       0x82 ./src/uart.o
 .debug_loc     0x0000000000000082      0x361 ./StdPeriphDriver/CH57x_gpio.o
 .debug_loc     0x00000000000003e3      0x24f ./StdPeriphDriver/CH57x_sys.o
 .debug_loc     0x0000000000000632      0x1ed ./StdPeriphDriver/CH57x_uart1.o
